<!doctype html public "-//w3c//dtd html 4.0 transitional//en">
<html><head>
<title>Static Call Graph - [Phase1Project\Phase1Project.axf]</title></head>
<body><HR>
<H1>Static Call Graph for image Phase1Project\Phase1Project.axf</H1><HR>
<BR><P>#&#060CALLGRAPH&#062# ARM Linker, 6240002: Last Updated: Tue May 19 15:41:18 2026
<BR><P>
<H3>Maximum Stack Usage =        424 bytes + Unknown(Cycles, Untraceable Function Pointers)</H3><H3>
Call chain for Maximum Stack Depth:</H3>
Task_FIFO &rArr; HRV_OnBeat &rArr; OUTLINED_FUNCTION_0 &rArr; HAL_UART_Transmit &rArr; OUTLINED_FUNCTION_19 &rArr; UART_WaitOnFlagUntilTimeout &rArr; UART_EndRxTransfer &rArr;  UART_EndRxTransfer (Cycle)
<P>
<H3>
Mutually Recursive functions
</H3> <LI><a href="#[1c]">ADC1_IRQHandler</a>&nbsp;&nbsp;&nbsp;&rArr;&nbsp;&nbsp;&nbsp;<a href="#[1c]">ADC1_IRQHandler</a><BR>
 <LI><a href="#[4]">BusFault_Handler</a>&nbsp;&nbsp;&nbsp;&rArr;&nbsp;&nbsp;&nbsp;<a href="#[4]">BusFault_Handler</a><BR>
 <LI><a href="#[f5]">UART_EndRxTransfer</a>&nbsp;&nbsp;&nbsp;&rArr;&nbsp;&nbsp;&nbsp;<a href="#[f5]">UART_EndRxTransfer</a><BR>
 <LI><a href="#[2]">HardFault_Handler</a>&nbsp;&nbsp;&nbsp;&rArr;&nbsp;&nbsp;&nbsp;<a href="#[2]">HardFault_Handler</a><BR>
 <LI><a href="#[3]">MemManage_Handler</a>&nbsp;&nbsp;&nbsp;&rArr;&nbsp;&nbsp;&nbsp;<a href="#[3]">MemManage_Handler</a><BR>
 <LI><a href="#[1]">NMI_Handler</a>&nbsp;&nbsp;&nbsp;&rArr;&nbsp;&nbsp;&nbsp;<a href="#[1]">NMI_Handler</a><BR>
 <LI><a href="#[50]">StartDefaultTask</a>&nbsp;&nbsp;&nbsp;&rArr;&nbsp;&nbsp;&nbsp;<a href="#[50]">StartDefaultTask</a><BR>
 <LI><a href="#[5]">UsageFault_Handler</a>&nbsp;&nbsp;&nbsp;&rArr;&nbsp;&nbsp;&nbsp;<a href="#[5]">UsageFault_Handler</a><BR>
</UL>
<P>
<H3>
Function Pointers
</H3><UL>
 <LI><a href="#[1c]">ADC1_IRQHandler</a> from startup_stm32l432xx.o(.text) referenced from startup_stm32l432xx.o(RESET)
 <LI><a href="#[4]">BusFault_Handler</a> from stm32l4xx_it.o(.text.BusFault_Handler) referenced from startup_stm32l432xx.o(RESET)
 <LI><a href="#[1e]">CAN1_RX0_IRQHandler</a> from startup_stm32l432xx.o(.text) referenced from startup_stm32l432xx.o(RESET)
 <LI><a href="#[1f]">CAN1_RX1_IRQHandler</a> from startup_stm32l432xx.o(.text) referenced from startup_stm32l432xx.o(RESET)
 <LI><a href="#[20]">CAN1_SCE_IRQHandler</a> from startup_stm32l432xx.o(.text) referenced from startup_stm32l432xx.o(RESET)
 <LI><a href="#[1d]">CAN1_TX_IRQHandler</a> from startup_stm32l432xx.o(.text) referenced from startup_stm32l432xx.o(RESET)
 <LI><a href="#[36]">COMP_IRQHandler</a> from startup_stm32l432xx.o(.text) referenced from startup_stm32l432xx.o(RESET)
 <LI><a href="#[45]">CRS_IRQHandler</a> from startup_stm32l432xx.o(.text) referenced from startup_stm32l432xx.o(RESET)
 <LI><a href="#[15]">DMA1_Channel1_IRQHandler</a> from startup_stm32l432xx.o(.text) referenced from startup_stm32l432xx.o(RESET)
 <LI><a href="#[16]">DMA1_Channel2_IRQHandler</a> from startup_stm32l432xx.o(.text) referenced from startup_stm32l432xx.o(RESET)
 <LI><a href="#[17]">DMA1_Channel3_IRQHandler</a> from startup_stm32l432xx.o(.text) referenced from startup_stm32l432xx.o(RESET)
 <LI><a href="#[18]">DMA1_Channel4_IRQHandler</a> from startup_stm32l432xx.o(.text) referenced from startup_stm32l432xx.o(RESET)
 <LI><a href="#[19]">DMA1_Channel5_IRQHandler</a> from startup_stm32l432xx.o(.text) referenced from startup_stm32l432xx.o(RESET)
 <LI><a href="#[1a]">DMA1_Channel6_IRQHandler</a> from startup_stm32l432xx.o(.text) referenced from startup_stm32l432xx.o(RESET)
 <LI><a href="#[1b]">DMA1_Channel7_IRQHandler</a> from stm32l4xx_it.o(.text.DMA1_Channel7_IRQHandler) referenced from startup_stm32l432xx.o(RESET)
 <LI><a href="#[31]">DMA2_Channel1_IRQHandler</a> from startup_stm32l432xx.o(.text) referenced from startup_stm32l432xx.o(RESET)
 <LI><a href="#[32]">DMA2_Channel2_IRQHandler</a> from startup_stm32l432xx.o(.text) referenced from startup_stm32l432xx.o(RESET)
 <LI><a href="#[33]">DMA2_Channel3_IRQHandler</a> from startup_stm32l432xx.o(.text) referenced from startup_stm32l432xx.o(RESET)
 <LI><a href="#[34]">DMA2_Channel4_IRQHandler</a> from startup_stm32l432xx.o(.text) referenced from startup_stm32l432xx.o(RESET)
 <LI><a href="#[35]">DMA2_Channel5_IRQHandler</a> from startup_stm32l432xx.o(.text) referenced from startup_stm32l432xx.o(RESET)
 <LI><a href="#[3a]">DMA2_Channel6_IRQHandler</a> from startup_stm32l432xx.o(.text) referenced from startup_stm32l432xx.o(RESET)
 <LI><a href="#[3b]">DMA2_Channel7_IRQHandler</a> from startup_stm32l432xx.o(.text) referenced from startup_stm32l432xx.o(RESET)
 <LI><a href="#[7]">DebugMon_Handler</a> from stm32l4xx_it.o(.text.DebugMon_Handler) referenced from startup_stm32l432xx.o(RESET)
 <LI><a href="#[10]">EXTI0_IRQHandler</a> from startup_stm32l432xx.o(.text) referenced from startup_stm32l432xx.o(RESET)
 <LI><a href="#[2c]">EXTI15_10_IRQHandler</a> from startup_stm32l432xx.o(.text) referenced from startup_stm32l432xx.o(RESET)
 <LI><a href="#[11]">EXTI1_IRQHandler</a> from startup_stm32l432xx.o(.text) referenced from startup_stm32l432xx.o(RESET)
 <LI><a href="#[12]">EXTI2_IRQHandler</a> from startup_stm32l432xx.o(.text) referenced from startup_stm32l432xx.o(RESET)
 <LI><a href="#[13]">EXTI3_IRQHandler</a> from startup_stm32l432xx.o(.text) referenced from startup_stm32l432xx.o(RESET)
 <LI><a href="#[14]">EXTI4_IRQHandler</a> from startup_stm32l432xx.o(.text) referenced from startup_stm32l432xx.o(RESET)
 <LI><a href="#[21]">EXTI9_5_IRQHandler</a> from stm32l4xx_it.o(.text.EXTI9_5_IRQHandler) referenced from startup_stm32l432xx.o(RESET)
 <LI><a href="#[e]">FLASH_IRQHandler</a> from startup_stm32l432xx.o(.text) referenced from startup_stm32l432xx.o(RESET)
 <LI><a href="#[44]">FPU_IRQHandler</a> from startup_stm32l432xx.o(.text) referenced from startup_stm32l432xx.o(RESET)
 <LI><a href="#[4a]">HAL_I2C_Mem_Write</a> from stm32l4xx_hal_i2c.o(.text.HAL_I2C_Mem_Write) referenced from main.o(.text.Task_FIFO)
 <LI><a href="#[4b]">HAL_UART_Transmit</a> from stm32l4xx_hal_uart.o(.text.HAL_UART_Transmit) referenced from main.o(.text.Task_FIFO)
 <LI><a href="#[4b]">HAL_UART_Transmit</a> from stm32l4xx_hal_uart.o(.text.HAL_UART_Transmit) referenced from main.o(.text.Task_HRV)
 <LI><a href="#[4b]">HAL_UART_Transmit</a> from stm32l4xx_hal_uart.o(.text.HAL_UART_Transmit) referenced from main.o(.text.main)
 <LI><a href="#[2]">HardFault_Handler</a> from stm32l4xx_it.o(.text.HardFault_Handler) referenced from startup_stm32l432xx.o(RESET)
 <LI><a href="#[28]">I2C1_ER_IRQHandler</a> from startup_stm32l432xx.o(.text) referenced from startup_stm32l432xx.o(RESET)
 <LI><a href="#[27]">I2C1_EV_IRQHandler</a> from startup_stm32l432xx.o(.text) referenced from startup_stm32l432xx.o(RESET)
 <LI><a href="#[3f]">I2C3_ER_IRQHandler</a> from startup_stm32l432xx.o(.text) referenced from startup_stm32l432xx.o(RESET)
 <LI><a href="#[3e]">I2C3_EV_IRQHandler</a> from startup_stm32l432xx.o(.text) referenced from startup_stm32l432xx.o(RESET)
 <LI><a href="#[37]">LPTIM1_IRQHandler</a> from startup_stm32l432xx.o(.text) referenced from startup_stm32l432xx.o(RESET)
 <LI><a href="#[38]">LPTIM2_IRQHandler</a> from startup_stm32l432xx.o(.text) referenced from startup_stm32l432xx.o(RESET)
 <LI><a href="#[3c]">LPUART1_IRQHandler</a> from startup_stm32l432xx.o(.text) referenced from startup_stm32l432xx.o(RESET)
 <LI><a href="#[3]">MemManage_Handler</a> from stm32l4xx_it.o(.text.MemManage_Handler) referenced from startup_stm32l432xx.o(RESET)
 <LI><a href="#[1]">NMI_Handler</a> from stm32l4xx_it.o(.text.NMI_Handler) referenced from startup_stm32l432xx.o(RESET)
 <LI><a href="#[b]">PVD_PVM_IRQHandler</a> from startup_stm32l432xx.o(.text) referenced from startup_stm32l432xx.o(RESET)
 <LI><a href="#[8]">PendSV_Handler</a> from port.o(.text.PendSV_Handler) referenced from startup_stm32l432xx.o(RESET)
 <LI><a href="#[3d]">QUADSPI_IRQHandler</a> from startup_stm32l432xx.o(.text) referenced from startup_stm32l432xx.o(RESET)
 <LI><a href="#[f]">RCC_IRQHandler</a> from startup_stm32l432xx.o(.text) referenced from startup_stm32l432xx.o(RESET)
 <LI><a href="#[43]">RNG_IRQHandler</a> from startup_stm32l432xx.o(.text) referenced from startup_stm32l432xx.o(RESET)
 <LI><a href="#[2d]">RTC_Alarm_IRQHandler</a> from startup_stm32l432xx.o(.text) referenced from startup_stm32l432xx.o(RESET)
 <LI><a href="#[d]">RTC_WKUP_IRQHandler</a> from startup_stm32l432xx.o(.text) referenced from startup_stm32l432xx.o(RESET)
 <LI><a href="#[0]">Reset_Handler</a> from startup_stm32l432xx.o(.text) referenced from startup_stm32l432xx.o(RESET)
 <LI><a href="#[40]">SAI1_IRQHandler</a> from startup_stm32l432xx.o(.text) referenced from startup_stm32l432xx.o(RESET)
 <LI><a href="#[29]">SPI1_IRQHandler</a> from startup_stm32l432xx.o(.text) referenced from startup_stm32l432xx.o(RESET)
 <LI><a href="#[2e]">SPI3_IRQHandler</a> from startup_stm32l432xx.o(.text) referenced from startup_stm32l432xx.o(RESET)
 <LI><a href="#[6]">SVC_Handler</a> from port.o(.text.SVC_Handler) referenced from startup_stm32l432xx.o(RESET)
 <LI><a href="#[41]">SWPMI1_IRQHandler</a> from startup_stm32l432xx.o(.text) referenced from startup_stm32l432xx.o(RESET)
 <LI><a href="#[50]">StartDefaultTask</a> from main.o(.text.StartDefaultTask) referenced from main.o(.text.main)
 <LI><a href="#[9]">SysTick_Handler</a> from cmsis_os2.o(.text.SysTick_Handler) referenced from startup_stm32l432xx.o(RESET)
 <LI><a href="#[47]">SystemInit</a> from system_stm32l4xx.o(.text.SystemInit) referenced from startup_stm32l432xx.o(.text)
 <LI><a href="#[c]">TAMP_STAMP_IRQHandler</a> from startup_stm32l432xx.o(.text) referenced from startup_stm32l432xx.o(RESET)
 <LI><a href="#[22]">TIM1_BRK_TIM15_IRQHandler</a> from startup_stm32l432xx.o(.text) referenced from startup_stm32l432xx.o(RESET)
 <LI><a href="#[25]">TIM1_CC_IRQHandler</a> from startup_stm32l432xx.o(.text) referenced from startup_stm32l432xx.o(RESET)
 <LI><a href="#[24]">TIM1_TRG_COM_IRQHandler</a> from startup_stm32l432xx.o(.text) referenced from startup_stm32l432xx.o(RESET)
 <LI><a href="#[23]">TIM1_UP_TIM16_IRQHandler</a> from startup_stm32l432xx.o(.text) referenced from startup_stm32l432xx.o(RESET)
 <LI><a href="#[26]">TIM2_IRQHandler</a> from startup_stm32l432xx.o(.text) referenced from startup_stm32l432xx.o(RESET)
 <LI><a href="#[2f]">TIM6_DAC_IRQHandler</a> from startup_stm32l432xx.o(.text) referenced from startup_stm32l432xx.o(RESET)
 <LI><a href="#[30]">TIM7_IRQHandler</a> from stm32l4xx_it.o(.text.TIM7_IRQHandler) referenced from startup_stm32l432xx.o(RESET)
 <LI><a href="#[42]">TSC_IRQHandler</a> from startup_stm32l432xx.o(.text) referenced from startup_stm32l432xx.o(RESET)
 <LI><a href="#[54]">Task_Display</a> from main.o(.text.Task_Display) referenced from main.o(.text.main)
 <LI><a href="#[52]">Task_FIFO</a> from main.o(.text.Task_FIFO) referenced from main.o(.text.main)
 <LI><a href="#[53]">Task_HRV</a> from main.o(.text.Task_HRV) referenced from main.o(.text.main)
 <LI><a href="#[49]">UART_DMAAbortOnError</a> from stm32l4xx_hal_uart.o(.text.UART_DMAAbortOnError) referenced from stm32l4xx_hal_uart.o(.text.HAL_UART_IRQHandler)
 <LI><a href="#[2a]">USART1_IRQHandler</a> from startup_stm32l432xx.o(.text) referenced from startup_stm32l432xx.o(RESET)
 <LI><a href="#[2b]">USART2_IRQHandler</a> from stm32l4xx_it.o(.text.USART2_IRQHandler) referenced from startup_stm32l432xx.o(RESET)
 <LI><a href="#[39]">USB_IRQHandler</a> from startup_stm32l432xx.o(.text) referenced from startup_stm32l432xx.o(RESET)
 <LI><a href="#[5]">UsageFault_Handler</a> from stm32l4xx_it.o(.text.UsageFault_Handler) referenced from startup_stm32l432xx.o(RESET)
 <LI><a href="#[a]">WWDG_IRQHandler</a> from startup_stm32l432xx.o(.text) referenced from startup_stm32l432xx.o(RESET)
 <LI><a href="#[4c]">__2snprintf</a> from printf8.o(i.__0snprintf$8) referenced from main.o(.text.Task_HRV)
 <LI><a href="#[4c]">__2snprintf</a> from printf8.o(i.__0snprintf$8) referenced from main.o(.text.main)
 <LI><a href="#[48]">__main</a> from entry.o(.ARM.Collect$$$$00000000) referenced from startup_stm32l432xx.o(.text)
 <LI><a href="#[62]">_snputc</a> from printf8.o(i._snputc) referenced from printf8.o(i.__0snprintf$8)
 <LI><a href="#[46]">main</a> from main.o(.text.main) referenced from entry9a.o(.ARM.Collect$$$$0000000B)
 <LI><a href="#[51]">osThreadNew</a> from cmsis_os2.o(.text.osThreadNew) referenced from main.o(.text.main)
 <LI><a href="#[60]">prvIdleTask</a> from tasks.o(.text.prvIdleTask) referenced from tasks.o(.text.vTaskStartScheduler)
 <LI><a href="#[56]">prvTaskExitError</a> from port.o(.text.prvTaskExitError) referenced from port.o(.text.pxPortInitialiseStack)
 <LI><a href="#[61]">prvTimerTask</a> from timers.o(.text.prvTimerTask) referenced from timers.o(.text.xTimerCreateTimerTask)
 <LI><a href="#[4d]">stage</a> from main.o(.text.stage) referenced from main.o(.text.main)
 <LI><a href="#[65]">u8g2_draw_l90_r0</a> from u8g2_setup.o(.text.u8g2_draw_l90_r0) referenced from u8g2_setup.o(.rodata.u8g2_cb_r0)
 <LI><a href="#[58]">u8g2_font_calc_vref_font</a> from u8g2_font.o(.text.u8g2_font_calc_vref_font) referenced from u8g2_font.o(.text.u8g2_SetFontPosBaseline)
 <LI><a href="#[5c]">u8g2_font_decode_get_signed_bits</a> from u8g2_font.o(.text.u8g2_font_decode_get_signed_bits) referenced from u8g2_font.o(.text.u8g2_font_decode_glyph)
 <LI><a href="#[5d]">u8g2_font_get_word</a> from u8g2_font.o(.text.u8g2_font_get_word) referenced from u8g2_font.o(.text.u8g2_read_font_info)
 <LI><a href="#[5b]">u8g2_ll_hvline_vertical_top_lsb</a> from u8g2_ll_hvline.o(.text.u8g2_ll_hvline_vertical_top_lsb) referenced from u8g2_d_setup.o(.text.u8g2_Setup_ssd1306_i2c_128x64_noname_f)
 <LI><a href="#[63]">u8g2_update_dimension_r0</a> from u8g2_setup.o(.text.u8g2_update_dimension_r0) referenced from u8g2_setup.o(.rodata.u8g2_cb_r0)
 <LI><a href="#[64]">u8g2_update_page_win_r0</a> from u8g2_setup.o(.text.u8g2_update_page_win_r0) referenced from u8g2_setup.o(.rodata.u8g2_cb_r0)
 <LI><a href="#[57]">u8x8_ascii_next</a> from u8x8_8x8.o(.text.u8x8_ascii_next) referenced from u8g2_font.o(.text.u8g2_DrawStr)
 <LI><a href="#[4e]">u8x8_byte_stm32_hw_i2c</a> from u8g2_hal.o(.text.u8x8_byte_stm32_hw_i2c) referenced from main.o(.text.main)
 <LI><a href="#[5a]">u8x8_cad_ssd13xx_fast_i2c</a> from u8x8_cad.o(.text.u8x8_cad_ssd13xx_fast_i2c) referenced from u8g2_d_setup.o(.text.u8g2_Setup_ssd1306_i2c_128x64_noname_f)
 <LI><a href="#[59]">u8x8_d_ssd1306_128x64_noname</a> from u8x8_d_ssd1306_128x64_noname.o(.text.u8x8_d_ssd1306_128x64_noname) referenced from u8g2_d_setup.o(.text.u8g2_Setup_ssd1306_i2c_128x64_noname_f)
 <LI><a href="#[5e]">u8x8_dummy_cb</a> from u8x8_setup.o(.text.u8x8_dummy_cb) referenced from u8x8_setup.o(.text.u8x8_SetupDefaults)
 <LI><a href="#[5f]">u8x8_gpio_call</a> from u8x8_gpio.o(.text.u8x8_gpio_call) referenced from u8x8_display.o(.text.u8x8_d_helper_display_init)
 <LI><a href="#[4f]">u8x8_gpio_delay_stm32</a> from u8g2_hal.o(.text.u8x8_gpio_delay_stm32) referenced from main.o(.text.main)
 <LI><a href="#[55]">vListInitialise</a> from list.o(.text.vListInitialise) referenced from tasks.o(.text.prvAddNewTaskToReadyList)
</UL>
<P>
<H3>
Global Symbols
</H3>
<P><STRONG><a name="[48]"></a>__main</STRONG> (Thumb, 0 bytes, Stack size unknown bytes, entry.o(.ARM.Collect$$$$00000000))
<BR>[Address Reference Count : 1]<UL><LI> startup_stm32l432xx.o(.text)
</UL>
<P><STRONG><a name="[1ed]"></a>_main_stk</STRONG> (Thumb, 0 bytes, Stack size unknown bytes, entry2.o(.ARM.Collect$$$$00000001))

<P><STRONG><a name="[66]"></a>_main_scatterload</STRONG> (Thumb, 0 bytes, Stack size unknown bytes, entry5.o(.ARM.Collect$$$$00000004))
<BR><BR>[Calls]<UL><LI><a href="#[67]">&gt;&gt;</a>&nbsp;&nbsp;&nbsp;__scatterload
</UL>

<P><STRONG><a name="[6e]"></a>__main_after_scatterload</STRONG> (Thumb, 0 bytes, Stack size unknown bytes, entry5.o(.ARM.Collect$$$$00000004))
<BR><BR>[Called By]<UL><LI><a href="#[67]">&gt;&gt;</a>&nbsp;&nbsp;&nbsp;__scatterload
</UL>

<P><STRONG><a name="[1ee]"></a>_main_clock</STRONG> (Thumb, 0 bytes, Stack size unknown bytes, entry7b.o(.ARM.Collect$$$$00000008))

<P><STRONG><a name="[1ef]"></a>_main_cpp_init</STRONG> (Thumb, 0 bytes, Stack size unknown bytes, entry8b.o(.ARM.Collect$$$$0000000A))

<P><STRONG><a name="[1f0]"></a>_main_init</STRONG> (Thumb, 0 bytes, Stack size unknown bytes, entry9a.o(.ARM.Collect$$$$0000000B))

<P><STRONG><a name="[1f1]"></a>__rt_final_cpp</STRONG> (Thumb, 0 bytes, Stack size unknown bytes, entry10a.o(.ARM.Collect$$$$0000000D))

<P><STRONG><a name="[1f2]"></a>__rt_final_exit</STRONG> (Thumb, 0 bytes, Stack size unknown bytes, entry11a.o(.ARM.Collect$$$$0000000F))

<P><STRONG><a name="[0]"></a>Reset_Handler</STRONG> (Thumb, 8 bytes, Stack size 0 bytes, startup_stm32l432xx.o(.text))
<BR>[Address Reference Count : 1]<UL><LI> startup_stm32l432xx.o(RESET)
</UL>
<P><STRONG><a name="[1c]"></a>ADC1_IRQHandler</STRONG> (Thumb, 0 bytes, Stack size 0 bytes, startup_stm32l432xx.o(.text))
<BR><BR>[Calls]<UL><LI><a href="#[1c]">&gt;&gt;</a>&nbsp;&nbsp;&nbsp;ADC1_IRQHandler
</UL>
<BR>[Called By]<UL><LI><a href="#[1c]">&gt;&gt;</a>&nbsp;&nbsp;&nbsp;ADC1_IRQHandler
</UL>
<BR>[Address Reference Count : 1]<UL><LI> startup_stm32l432xx.o(RESET)
</UL>
<P><STRONG><a name="[1e]"></a>CAN1_RX0_IRQHandler</STRONG> (Thumb, 0 bytes, Stack size 0 bytes, startup_stm32l432xx.o(.text))
<BR>[Address Reference Count : 1]<UL><LI> startup_stm32l432xx.o(RESET)
</UL>
<P><STRONG><a name="[1f]"></a>CAN1_RX1_IRQHandler</STRONG> (Thumb, 0 bytes, Stack size 0 bytes, startup_stm32l432xx.o(.text))
<BR>[Address Reference Count : 1]<UL><LI> startup_stm32l432xx.o(RESET)
</UL>
<P><STRONG><a name="[20]"></a>CAN1_SCE_IRQHandler</STRONG> (Thumb, 0 bytes, Stack size 0 bytes, startup_stm32l432xx.o(.text))
<BR>[Address Reference Count : 1]<UL><LI> startup_stm32l432xx.o(RESET)
</UL>
<P><STRONG><a name="[1d]"></a>CAN1_TX_IRQHandler</STRONG> (Thumb, 0 bytes, Stack size 0 bytes, startup_stm32l432xx.o(.text))
<BR>[Address Reference Count : 1]<UL><LI> startup_stm32l432xx.o(RESET)
</UL>
<P><STRONG><a name="[36]"></a>COMP_IRQHandler</STRONG> (Thumb, 0 bytes, Stack size 0 bytes, startup_stm32l432xx.o(.text))
<BR>[Address Reference Count : 1]<UL><LI> startup_stm32l432xx.o(RESET)
</UL>
<P><STRONG><a name="[45]"></a>CRS_IRQHandler</STRONG> (Thumb, 0 bytes, Stack size 0 bytes, startup_stm32l432xx.o(.text))
<BR>[Address Reference Count : 1]<UL><LI> startup_stm32l432xx.o(RESET)
</UL>
<P><STRONG><a name="[15]"></a>DMA1_Channel1_IRQHandler</STRONG> (Thumb, 0 bytes, Stack size 0 bytes, startup_stm32l432xx.o(.text))
<BR>[Address Reference Count : 1]<UL><LI> startup_stm32l432xx.o(RESET)
</UL>
<P><STRONG><a name="[16]"></a>DMA1_Channel2_IRQHandler</STRONG> (Thumb, 0 bytes, Stack size 0 bytes, startup_stm32l432xx.o(.text))
<BR>[Address Reference Count : 1]<UL><LI> startup_stm32l432xx.o(RESET)
</UL>
<P><STRONG><a name="[17]"></a>DMA1_Channel3_IRQHandler</STRONG> (Thumb, 0 bytes, Stack size 0 bytes, startup_stm32l432xx.o(.text))
<BR>[Address Reference Count : 1]<UL><LI> startup_stm32l432xx.o(RESET)
</UL>
<P><STRONG><a name="[18]"></a>DMA1_Channel4_IRQHandler</STRONG> (Thumb, 0 bytes, Stack size 0 bytes, startup_stm32l432xx.o(.text))
<BR>[Address Reference Count : 1]<UL><LI> startup_stm32l432xx.o(RESET)
</UL>
<P><STRONG><a name="[19]"></a>DMA1_Channel5_IRQHandler</STRONG> (Thumb, 0 bytes, Stack size 0 bytes, startup_stm32l432xx.o(.text))
<BR>[Address Reference Count : 1]<UL><LI> startup_stm32l432xx.o(RESET)
</UL>
<P><STRONG><a name="[1a]"></a>DMA1_Channel6_IRQHandler</STRONG> (Thumb, 0 bytes, Stack size 0 bytes, startup_stm32l432xx.o(.text))
<BR>[Address Reference Count : 1]<UL><LI> startup_stm32l432xx.o(RESET)
</UL>
<P><STRONG><a name="[31]"></a>DMA2_Channel1_IRQHandler</STRONG> (Thumb, 0 bytes, Stack size 0 bytes, startup_stm32l432xx.o(.text))
<BR>[Address Reference Count : 1]<UL><LI> startup_stm32l432xx.o(RESET)
</UL>
<P><STRONG><a name="[32]"></a>DMA2_Channel2_IRQHandler</STRONG> (Thumb, 0 bytes, Stack size 0 bytes, startup_stm32l432xx.o(.text))
<BR>[Address Reference Count : 1]<UL><LI> startup_stm32l432xx.o(RESET)
</UL>
<P><STRONG><a name="[33]"></a>DMA2_Channel3_IRQHandler</STRONG> (Thumb, 0 bytes, Stack size 0 bytes, startup_stm32l432xx.o(.text))
<BR>[Address Reference Count : 1]<UL><LI> startup_stm32l432xx.o(RESET)
</UL>
<P><STRONG><a name="[34]"></a>DMA2_Channel4_IRQHandler</STRONG> (Thumb, 0 bytes, Stack size 0 bytes, startup_stm32l432xx.o(.text))
<BR>[Address Reference Count : 1]<UL><LI> startup_stm32l432xx.o(RESET)
</UL>
<P><STRONG><a name="[35]"></a>DMA2_Channel5_IRQHandler</STRONG> (Thumb, 0 bytes, Stack size 0 bytes, startup_stm32l432xx.o(.text))
<BR>[Address Reference Count : 1]<UL><LI> startup_stm32l432xx.o(RESET)
</UL>
<P><STRONG><a name="[3a]"></a>DMA2_Channel6_IRQHandler</STRONG> (Thumb, 0 bytes, Stack size 0 bytes, startup_stm32l432xx.o(.text))
<BR>[Address Reference Count : 1]<UL><LI> startup_stm32l432xx.o(RESET)
</UL>
<P><STRONG><a name="[3b]"></a>DMA2_Channel7_IRQHandler</STRONG> (Thumb, 0 bytes, Stack size 0 bytes, startup_stm32l432xx.o(.text))
<BR>[Address Reference Count : 1]<UL><LI> startup_stm32l432xx.o(RESET)
</UL>
<P><STRONG><a name="[10]"></a>EXTI0_IRQHandler</STRONG> (Thumb, 0 bytes, Stack size 0 bytes, startup_stm32l432xx.o(.text))
<BR>[Address Reference Count : 1]<UL><LI> startup_stm32l432xx.o(RESET)
</UL>
<P><STRONG><a name="[2c]"></a>EXTI15_10_IRQHandler</STRONG> (Thumb, 0 bytes, Stack size 0 bytes, startup_stm32l432xx.o(.text))
<BR>[Address Reference Count : 1]<UL><LI> startup_stm32l432xx.o(RESET)
</UL>
<P><STRONG><a name="[11]"></a>EXTI1_IRQHandler</STRONG> (Thumb, 0 bytes, Stack size 0 bytes, startup_stm32l432xx.o(.text))
<BR>[Address Reference Count : 1]<UL><LI> startup_stm32l432xx.o(RESET)
</UL>
<P><STRONG><a name="[12]"></a>EXTI2_IRQHandler</STRONG> (Thumb, 0 bytes, Stack size 0 bytes, startup_stm32l432xx.o(.text))
<BR>[Address Reference Count : 1]<UL><LI> startup_stm32l432xx.o(RESET)
</UL>
<P><STRONG><a name="[13]"></a>EXTI3_IRQHandler</STRONG> (Thumb, 0 bytes, Stack size 0 bytes, startup_stm32l432xx.o(.text))
<BR>[Address Reference Count : 1]<UL><LI> startup_stm32l432xx.o(RESET)
</UL>
<P><STRONG><a name="[14]"></a>EXTI4_IRQHandler</STRONG> (Thumb, 0 bytes, Stack size 0 bytes, startup_stm32l432xx.o(.text))
<BR>[Address Reference Count : 1]<UL><LI> startup_stm32l432xx.o(RESET)
</UL>
<P><STRONG><a name="[e]"></a>FLASH_IRQHandler</STRONG> (Thumb, 0 bytes, Stack size 0 bytes, startup_stm32l432xx.o(.text))
<BR>[Address Reference Count : 1]<UL><LI> startup_stm32l432xx.o(RESET)
</UL>
<P><STRONG><a name="[44]"></a>FPU_IRQHandler</STRONG> (Thumb, 0 bytes, Stack size 0 bytes, startup_stm32l432xx.o(.text))
<BR>[Address Reference Count : 1]<UL><LI> startup_stm32l432xx.o(RESET)
</UL>
<P><STRONG><a name="[28]"></a>I2C1_ER_IRQHandler</STRONG> (Thumb, 0 bytes, Stack size 0 bytes, startup_stm32l432xx.o(.text))
<BR>[Address Reference Count : 1]<UL><LI> startup_stm32l432xx.o(RESET)
</UL>
<P><STRONG><a name="[27]"></a>I2C1_EV_IRQHandler</STRONG> (Thumb, 0 bytes, Stack size 0 bytes, startup_stm32l432xx.o(.text))
<BR>[Address Reference Count : 1]<UL><LI> startup_stm32l432xx.o(RESET)
</UL>
<P><STRONG><a name="[3f]"></a>I2C3_ER_IRQHandler</STRONG> (Thumb, 0 bytes, Stack size 0 bytes, startup_stm32l432xx.o(.text))
<BR>[Address Reference Count : 1]<UL><LI> startup_stm32l432xx.o(RESET)
</UL>
<P><STRONG><a name="[3e]"></a>I2C3_EV_IRQHandler</STRONG> (Thumb, 0 bytes, Stack size 0 bytes, startup_stm32l432xx.o(.text))
<BR>[Address Reference Count : 1]<UL><LI> startup_stm32l432xx.o(RESET)
</UL>
<P><STRONG><a name="[37]"></a>LPTIM1_IRQHandler</STRONG> (Thumb, 0 bytes, Stack size 0 bytes, startup_stm32l432xx.o(.text))
<BR>[Address Reference Count : 1]<UL><LI> startup_stm32l432xx.o(RESET)
</UL>
<P><STRONG><a name="[38]"></a>LPTIM2_IRQHandler</STRONG> (Thumb, 0 bytes, Stack size 0 bytes, startup_stm32l432xx.o(.text))
<BR>[Address Reference Count : 1]<UL><LI> startup_stm32l432xx.o(RESET)
</UL>
<P><STRONG><a name="[3c]"></a>LPUART1_IRQHandler</STRONG> (Thumb, 0 bytes, Stack size 0 bytes, startup_stm32l432xx.o(.text))
<BR>[Address Reference Count : 1]<UL><LI> startup_stm32l432xx.o(RESET)
</UL>
<P><STRONG><a name="[b]"></a>PVD_PVM_IRQHandler</STRONG> (Thumb, 0 bytes, Stack size 0 bytes, startup_stm32l432xx.o(.text))
<BR>[Address Reference Count : 1]<UL><LI> startup_stm32l432xx.o(RESET)
</UL>
<P><STRONG><a name="[3d]"></a>QUADSPI_IRQHandler</STRONG> (Thumb, 0 bytes, Stack size 0 bytes, startup_stm32l432xx.o(.text))
<BR>[Address Reference Count : 1]<UL><LI> startup_stm32l432xx.o(RESET)
</UL>
<P><STRONG><a name="[f]"></a>RCC_IRQHandler</STRONG> (Thumb, 0 bytes, Stack size 0 bytes, startup_stm32l432xx.o(.text))
<BR>[Address Reference Count : 1]<UL><LI> startup_stm32l432xx.o(RESET)
</UL>
<P><STRONG><a name="[43]"></a>RNG_IRQHandler</STRONG> (Thumb, 0 bytes, Stack size 0 bytes, startup_stm32l432xx.o(.text))
<BR>[Address Reference Count : 1]<UL><LI> startup_stm32l432xx.o(RESET)
</UL>
<P><STRONG><a name="[2d]"></a>RTC_Alarm_IRQHandler</STRONG> (Thumb, 0 bytes, Stack size 0 bytes, startup_stm32l432xx.o(.text))
<BR>[Address Reference Count : 1]<UL><LI> startup_stm32l432xx.o(RESET)
</UL>
<P><STRONG><a name="[d]"></a>RTC_WKUP_IRQHandler</STRONG> (Thumb, 0 bytes, Stack size 0 bytes, startup_stm32l432xx.o(.text))
<BR>[Address Reference Count : 1]<UL><LI> startup_stm32l432xx.o(RESET)
</UL>
<P><STRONG><a name="[40]"></a>SAI1_IRQHandler</STRONG> (Thumb, 0 bytes, Stack size 0 bytes, startup_stm32l432xx.o(.text))
<BR>[Address Reference Count : 1]<UL><LI> startup_stm32l432xx.o(RESET)
</UL>
<P><STRONG><a name="[29]"></a>SPI1_IRQHandler</STRONG> (Thumb, 0 bytes, Stack size 0 bytes, startup_stm32l432xx.o(.text))
<BR>[Address Reference Count : 1]<UL><LI> startup_stm32l432xx.o(RESET)
</UL>
<P><STRONG><a name="[2e]"></a>SPI3_IRQHandler</STRONG> (Thumb, 0 bytes, Stack size 0 bytes, startup_stm32l432xx.o(.text))
<BR>[Address Reference Count : 1]<UL><LI> startup_stm32l432xx.o(RESET)
</UL>
<P><STRONG><a name="[41]"></a>SWPMI1_IRQHandler</STRONG> (Thumb, 0 bytes, Stack size 0 bytes, startup_stm32l432xx.o(.text))
<BR>[Address Reference Count : 1]<UL><LI> startup_stm32l432xx.o(RESET)
</UL>
<P><STRONG><a name="[c]"></a>TAMP_STAMP_IRQHandler</STRONG> (Thumb, 0 bytes, Stack size 0 bytes, startup_stm32l432xx.o(.text))
<BR>[Address Reference Count : 1]<UL><LI> startup_stm32l432xx.o(RESET)
</UL>
<P><STRONG><a name="[22]"></a>TIM1_BRK_TIM15_IRQHandler</STRONG> (Thumb, 0 bytes, Stack size 0 bytes, startup_stm32l432xx.o(.text))
<BR>[Address Reference Count : 1]<UL><LI> startup_stm32l432xx.o(RESET)
</UL>
<P><STRONG><a name="[25]"></a>TIM1_CC_IRQHandler</STRONG> (Thumb, 0 bytes, Stack size 0 bytes, startup_stm32l432xx.o(.text))
<BR>[Address Reference Count : 1]<UL><LI> startup_stm32l432xx.o(RESET)
</UL>
<P><STRONG><a name="[24]"></a>TIM1_TRG_COM_IRQHandler</STRONG> (Thumb, 0 bytes, Stack size 0 bytes, startup_stm32l432xx.o(.text))
<BR>[Address Reference Count : 1]<UL><LI> startup_stm32l432xx.o(RESET)
</UL>
<P><STRONG><a name="[23]"></a>TIM1_UP_TIM16_IRQHandler</STRONG> (Thumb, 0 bytes, Stack size 0 bytes, startup_stm32l432xx.o(.text))
<BR>[Address Reference Count : 1]<UL><LI> startup_stm32l432xx.o(RESET)
</UL>
<P><STRONG><a name="[26]"></a>TIM2_IRQHandler</STRONG> (Thumb, 0 bytes, Stack size 0 bytes, startup_stm32l432xx.o(.text))
<BR>[Address Reference Count : 1]<UL><LI> startup_stm32l432xx.o(RESET)
</UL>
<P><STRONG><a name="[2f]"></a>TIM6_DAC_IRQHandler</STRONG> (Thumb, 0 bytes, Stack size 0 bytes, startup_stm32l432xx.o(.text))
<BR>[Address Reference Count : 1]<UL><LI> startup_stm32l432xx.o(RESET)
</UL>
<P><STRONG><a name="[42]"></a>TSC_IRQHandler</STRONG> (Thumb, 0 bytes, Stack size 0 bytes, startup_stm32l432xx.o(.text))
<BR>[Address Reference Count : 1]<UL><LI> startup_stm32l432xx.o(RESET)
</UL>
<P><STRONG><a name="[2a]"></a>USART1_IRQHandler</STRONG> (Thumb, 0 bytes, Stack size 0 bytes, startup_stm32l432xx.o(.text))
<BR>[Address Reference Count : 1]<UL><LI> startup_stm32l432xx.o(RESET)
</UL>
<P><STRONG><a name="[39]"></a>USB_IRQHandler</STRONG> (Thumb, 0 bytes, Stack size 0 bytes, startup_stm32l432xx.o(.text))
<BR>[Address Reference Count : 1]<UL><LI> startup_stm32l432xx.o(RESET)
</UL>
<P><STRONG><a name="[a]"></a>WWDG_IRQHandler</STRONG> (Thumb, 0 bytes, Stack size 0 bytes, startup_stm32l432xx.o(.text))
<BR>[Address Reference Count : 1]<UL><LI> startup_stm32l432xx.o(RESET)
</UL>
<P><STRONG><a name="[68]"></a>__aeabi_uldivmod</STRONG> (Thumb, 98 bytes, Stack size 40 bytes, uldiv.o(.text))
<BR><BR>[Stack]<UL><LI>Max Depth = 40<LI>Call Chain = __aeabi_uldivmod
</UL>
<BR>[Calls]<UL><LI><a href="#[69]">&gt;&gt;</a>&nbsp;&nbsp;&nbsp;__aeabi_llsr
<LI><a href="#[6a]">&gt;&gt;</a>&nbsp;&nbsp;&nbsp;__aeabi_llsl
</UL>
<BR>[Called By]<UL><LI><a href="#[144]">&gt;&gt;</a>&nbsp;&nbsp;&nbsp;UART_SetConfig
<LI><a href="#[1ea]">&gt;&gt;</a>&nbsp;&nbsp;&nbsp;_printf_core
</UL>

<P><STRONG><a name="[108]"></a>__aeabi_memcpy</STRONG> (Thumb, 36 bytes, Stack size 0 bytes, memcpya.o(.text))
<BR><BR>[Called By]<UL><LI><a href="#[53]">&gt;&gt;</a>&nbsp;&nbsp;&nbsp;Task_HRV
<LI><a href="#[52]">&gt;&gt;</a>&nbsp;&nbsp;&nbsp;Task_FIFO
<LI><a href="#[107]">&gt;&gt;</a>&nbsp;&nbsp;&nbsp;HRV_Compute
<LI><a href="#[4e]">&gt;&gt;</a>&nbsp;&nbsp;&nbsp;u8x8_byte_stm32_hw_i2c
<LI><a href="#[190]">&gt;&gt;</a>&nbsp;&nbsp;&nbsp;prvCopyDataFromQueue
<LI><a href="#[191]">&gt;&gt;</a>&nbsp;&nbsp;&nbsp;prvCopyDataToQueue
</UL>

<P><STRONG><a name="[1f3]"></a>__aeabi_memcpy4</STRONG> (Thumb, 0 bytes, Stack size 0 bytes, memcpya.o(.text), UNUSED)

<P><STRONG><a name="[1f4]"></a>__aeabi_memcpy8</STRONG> (Thumb, 0 bytes, Stack size 0 bytes, memcpya.o(.text), UNUSED)

<P><STRONG><a name="[6c]"></a>__aeabi_memset</STRONG> (Thumb, 14 bytes, Stack size 0 bytes, memseta.o(.text))
<BR><BR>[Called By]<UL><LI><a href="#[6d]">&gt;&gt;</a>&nbsp;&nbsp;&nbsp;_memset$wrapper
<LI><a href="#[6b]">&gt;&gt;</a>&nbsp;&nbsp;&nbsp;__aeabi_memclr
</UL>

<P><STRONG><a name="[198]"></a>__aeabi_memset4</STRONG> (Thumb, 0 bytes, Stack size 0 bytes, memseta.o(.text))
<BR><BR>[Called By]<UL><LI><a href="#[197]">&gt;&gt;</a>&nbsp;&nbsp;&nbsp;prvInitialiseNewTask
</UL>

<P><STRONG><a name="[1f5]"></a>__aeabi_memset8</STRONG> (Thumb, 0 bytes, Stack size 0 bytes, memseta.o(.text), UNUSED)

<P><STRONG><a name="[6b]"></a>__aeabi_memclr</STRONG> (Thumb, 4 bytes, Stack size 0 bytes, memseta.o(.text))
<BR><BR>[Calls]<UL><LI><a href="#[6c]">&gt;&gt;</a>&nbsp;&nbsp;&nbsp;__aeabi_memset
</UL>
<BR>[Called By]<UL><LI><a href="#[13f]">&gt;&gt;</a>&nbsp;&nbsp;&nbsp;OUTLINED_FUNCTION_2
</UL>

<P><STRONG><a name="[95]"></a>__aeabi_memclr4</STRONG> (Thumb, 0 bytes, Stack size 0 bytes, memseta.o(.text))
<BR><BR>[Called By]<UL><LI><a href="#[105]">&gt;&gt;</a>&nbsp;&nbsp;&nbsp;HAL_UART_MspInit
<LI><a href="#[79]">&gt;&gt;</a>&nbsp;&nbsp;&nbsp;HAL_I2C_MspInit
<LI><a href="#[cb]">&gt;&gt;</a>&nbsp;&nbsp;&nbsp;HAL_TIM_MspPostInit
<LI><a href="#[160]">&gt;&gt;</a>&nbsp;&nbsp;&nbsp;SystemClock_Config
<LI><a href="#[46]">&gt;&gt;</a>&nbsp;&nbsp;&nbsp;main
<LI><a href="#[52]">&gt;&gt;</a>&nbsp;&nbsp;&nbsp;Task_FIFO
<LI><a href="#[16d]">&gt;&gt;</a>&nbsp;&nbsp;&nbsp;process_ppg_signal
</UL>

<P><STRONG><a name="[1f6]"></a>__aeabi_memclr8</STRONG> (Thumb, 0 bytes, Stack size 0 bytes, memseta.o(.text), UNUSED)

<P><STRONG><a name="[6d]"></a>_memset$wrapper</STRONG> (Thumb, 18 bytes, Stack size 8 bytes, memseta.o(.text), UNUSED)
<BR><BR>[Calls]<UL><LI><a href="#[6c]">&gt;&gt;</a>&nbsp;&nbsp;&nbsp;__aeabi_memset
</UL>

<P><STRONG><a name="[6a]"></a>__aeabi_llsl</STRONG> (Thumb, 30 bytes, Stack size 0 bytes, llshl.o(.text))
<BR><BR>[Called By]<UL><LI><a href="#[68]">&gt;&gt;</a>&nbsp;&nbsp;&nbsp;__aeabi_uldivmod
</UL>

<P><STRONG><a name="[1f7]"></a>_ll_shift_l</STRONG> (Thumb, 0 bytes, Stack size 0 bytes, llshl.o(.text), UNUSED)

<P><STRONG><a name="[69]"></a>__aeabi_llsr</STRONG> (Thumb, 32 bytes, Stack size 0 bytes, llushr.o(.text))
<BR><BR>[Called By]<UL><LI><a href="#[68]">&gt;&gt;</a>&nbsp;&nbsp;&nbsp;__aeabi_uldivmod
</UL>

<P><STRONG><a name="[1f8]"></a>_ll_ushift_r</STRONG> (Thumb, 0 bytes, Stack size 0 bytes, llushr.o(.text), UNUSED)

<P><STRONG><a name="[67]"></a>__scatterload</STRONG> (Thumb, 38 bytes, Stack size 0 bytes, init.o(.text))
<BR><BR>[Calls]<UL><LI><a href="#[6e]">&gt;&gt;</a>&nbsp;&nbsp;&nbsp;__main_after_scatterload
</UL>
<BR>[Called By]<UL><LI><a href="#[66]">&gt;&gt;</a>&nbsp;&nbsp;&nbsp;_main_scatterload
</UL>

<P><STRONG><a name="[1f9]"></a>__scatterload_rt2</STRONG> (Thumb, 0 bytes, Stack size 0 bytes, init.o(.text), UNUSED)

<P><STRONG><a name="[165]"></a>Breathing_Update</STRONG> (Thumb, 116 bytes, Stack size 0 bytes, main.o(.text.Breathing_Update))
<BR><BR>[Called By]<UL><LI><a href="#[54]">&gt;&gt;</a>&nbsp;&nbsp;&nbsp;Task_Display
</UL>

<P><STRONG><a name="[4]"></a>BusFault_Handler</STRONG> (Thumb, 2 bytes, Stack size 0 bytes, stm32l4xx_it.o(.text.BusFault_Handler))
<BR><BR>[Calls]<UL><LI><a href="#[4]">&gt;&gt;</a>&nbsp;&nbsp;&nbsp;BusFault_Handler
</UL>
<BR>[Called By]<UL><LI><a href="#[4]">&gt;&gt;</a>&nbsp;&nbsp;&nbsp;BusFault_Handler
</UL>
<BR>[Address Reference Count : 1]<UL><LI> startup_stm32l432xx.o(RESET)
</UL>
<P><STRONG><a name="[1b]"></a>DMA1_Channel7_IRQHandler</STRONG> (Thumb, 8 bytes, Stack size 0 bytes, stm32l4xx_it.o(.text.DMA1_Channel7_IRQHandler))
<BR><BR>[Stack]<UL><LI>Max Depth = 20<LI>Call Chain = DMA1_Channel7_IRQHandler &rArr; HAL_DMA_IRQHandler
</UL>
<BR>[Calls]<UL><LI><a href="#[6f]">&gt;&gt;</a>&nbsp;&nbsp;&nbsp;HAL_DMA_IRQHandler
</UL>
<BR>[Address Reference Count : 1]<UL><LI> startup_stm32l432xx.o(RESET)
</UL>
<P><STRONG><a name="[7]"></a>DebugMon_Handler</STRONG> (Thumb, 2 bytes, Stack size 0 bytes, stm32l4xx_it.o(.text.DebugMon_Handler))
<BR>[Address Reference Count : 1]<UL><LI> startup_stm32l432xx.o(RESET)
</UL>
<P><STRONG><a name="[21]"></a>EXTI9_5_IRQHandler</STRONG> (Thumb, 8 bytes, Stack size 0 bytes, stm32l4xx_it.o(.text.EXTI9_5_IRQHandler))
<BR><BR>[Calls]<UL><LI><a href="#[70]">&gt;&gt;</a>&nbsp;&nbsp;&nbsp;HAL_GPIO_EXTI_IRQHandler
</UL>
<BR>[Address Reference Count : 1]<UL><LI> startup_stm32l432xx.o(RESET)
</UL>
<P><STRONG><a name="[97]"></a>Error_Handler</STRONG> (Thumb, 8 bytes, Stack size 0 bytes, main.o(.text.Error_Handler))
<BR><BR>[Called By]<UL><LI><a href="#[105]">&gt;&gt;</a>&nbsp;&nbsp;&nbsp;HAL_UART_MspInit
<LI><a href="#[79]">&gt;&gt;</a>&nbsp;&nbsp;&nbsp;HAL_I2C_MspInit
</UL>

<P><STRONG><a name="[fb]"></a>HAL_DMA_Abort</STRONG> (Thumb, 78 bytes, Stack size 8 bytes, stm32l4xx_hal_dma.o(.text.HAL_DMA_Abort))
<BR><BR>[Stack]<UL><LI>Max Depth = 8<LI>Call Chain = HAL_DMA_Abort
</UL>
<BR>[Called By]<UL><LI><a href="#[ef]">&gt;&gt;</a>&nbsp;&nbsp;&nbsp;HAL_UART_IRQHandler
</UL>

<P><STRONG><a name="[f7]"></a>HAL_DMA_Abort_IT</STRONG> (Thumb, 78 bytes, Stack size 16 bytes, stm32l4xx_hal_dma.o(.text.HAL_DMA_Abort_IT))
<BR><BR>[Stack]<UL><LI>Max Depth = 16<LI>Call Chain = HAL_DMA_Abort_IT
</UL>
<BR>[Called By]<UL><LI><a href="#[ef]">&gt;&gt;</a>&nbsp;&nbsp;&nbsp;HAL_UART_IRQHandler
</UL>

<P><STRONG><a name="[6f]"></a>HAL_DMA_IRQHandler</STRONG> (Thumb, 160 bytes, Stack size 20 bytes, stm32l4xx_hal_dma.o(.text.HAL_DMA_IRQHandler))
<BR><BR>[Stack]<UL><LI>Max Depth = 20<LI>Call Chain = HAL_DMA_IRQHandler
</UL>
<BR>[Called By]<UL><LI><a href="#[1b]">&gt;&gt;</a>&nbsp;&nbsp;&nbsp;DMA1_Channel7_IRQHandler
</UL>

<P><STRONG><a name="[99]"></a>HAL_DMA_Init</STRONG> (Thumb, 168 bytes, Stack size 20 bytes, stm32l4xx_hal_dma.o(.text.HAL_DMA_Init))
<BR><BR>[Stack]<UL><LI>Max Depth = 20<LI>Call Chain = HAL_DMA_Init
</UL>
<BR>[Called By]<UL><LI><a href="#[79]">&gt;&gt;</a>&nbsp;&nbsp;&nbsp;HAL_I2C_MspInit
</UL>

<P><STRONG><a name="[71]"></a>HAL_Delay</STRONG> (Thumb, 32 bytes, Stack size 16 bytes, stm32l4xx_hal.o(.text.HAL_Delay))
<BR><BR>[Stack]<UL><LI>Max Depth = 16<LI>Call Chain = HAL_Delay
</UL>
<BR>[Calls]<UL><LI><a href="#[72]">&gt;&gt;</a>&nbsp;&nbsp;&nbsp;HAL_GetTick
</UL>
<BR>[Called By]<UL><LI><a href="#[46]">&gt;&gt;</a>&nbsp;&nbsp;&nbsp;main
<LI><a href="#[115]">&gt;&gt;</a>&nbsp;&nbsp;&nbsp;MAX30102_Init
<LI><a href="#[4f]">&gt;&gt;</a>&nbsp;&nbsp;&nbsp;u8x8_gpio_delay_stm32
</UL>

<P><STRONG><a name="[73]"></a>HAL_GPIO_EXTI_Callback</STRONG> (Thumb, 2 bytes, Stack size 0 bytes, stm32l4xx_hal_gpio.o(.text.HAL_GPIO_EXTI_Callback))
<BR><BR>[Called By]<UL><LI><a href="#[70]">&gt;&gt;</a>&nbsp;&nbsp;&nbsp;HAL_GPIO_EXTI_IRQHandler
</UL>

<P><STRONG><a name="[70]"></a>HAL_GPIO_EXTI_IRQHandler</STRONG> (Thumb, 16 bytes, Stack size 0 bytes, stm32l4xx_hal_gpio.o(.text.HAL_GPIO_EXTI_IRQHandler))
<BR><BR>[Calls]<UL><LI><a href="#[73]">&gt;&gt;</a>&nbsp;&nbsp;&nbsp;HAL_GPIO_EXTI_Callback
</UL>
<BR>[Called By]<UL><LI><a href="#[21]">&gt;&gt;</a>&nbsp;&nbsp;&nbsp;EXTI9_5_IRQHandler
</UL>

<P><STRONG><a name="[9b]"></a>HAL_GPIO_Init</STRONG> (Thumb, 388 bytes, Stack size 48 bytes, stm32l4xx_hal_gpio.o(.text.HAL_GPIO_Init))
<BR><BR>[Stack]<UL><LI>Max Depth = 48<LI>Call Chain = HAL_GPIO_Init
</UL>
<BR>[Called By]<UL><LI><a href="#[105]">&gt;&gt;</a>&nbsp;&nbsp;&nbsp;HAL_UART_MspInit
<LI><a href="#[79]">&gt;&gt;</a>&nbsp;&nbsp;&nbsp;HAL_I2C_MspInit
<LI><a href="#[9a]">&gt;&gt;</a>&nbsp;&nbsp;&nbsp;OUTLINED_FUNCTION_1
<LI><a href="#[98]">&gt;&gt;</a>&nbsp;&nbsp;&nbsp;OUTLINED_FUNCTION_0
<LI><a href="#[46]">&gt;&gt;</a>&nbsp;&nbsp;&nbsp;main
</UL>

<P><STRONG><a name="[17c]"></a>HAL_GPIO_TogglePin</STRONG> (Thumb, 16 bytes, Stack size 0 bytes, stm32l4xx_hal_gpio.o(.text.HAL_GPIO_TogglePin))
<BR><BR>[Called By]<UL><LI><a href="#[46]">&gt;&gt;</a>&nbsp;&nbsp;&nbsp;main
</UL>

<P><STRONG><a name="[178]"></a>HAL_GPIO_WritePin</STRONG> (Thumb, 12 bytes, Stack size 0 bytes, stm32l4xx_hal_gpio.o(.text.HAL_GPIO_WritePin))
<BR><BR>[Called By]<UL><LI><a href="#[46]">&gt;&gt;</a>&nbsp;&nbsp;&nbsp;main
</UL>

<P><STRONG><a name="[72]"></a>HAL_GetTick</STRONG> (Thumb, 8 bytes, Stack size 0 bytes, stm32l4xx_hal.o(.text.HAL_GetTick))
<BR><BR>[Called By]<UL><LI><a href="#[96]">&gt;&gt;</a>&nbsp;&nbsp;&nbsp;HAL_RCCEx_PeriphCLKConfig
<LI><a href="#[7a]">&gt;&gt;</a>&nbsp;&nbsp;&nbsp;HAL_I2C_IsDeviceReady
<LI><a href="#[a8]">&gt;&gt;</a>&nbsp;&nbsp;&nbsp;HAL_RCC_ClockConfig
<LI><a href="#[ae]">&gt;&gt;</a>&nbsp;&nbsp;&nbsp;HAL_RCC_OscConfig
<LI><a href="#[54]">&gt;&gt;</a>&nbsp;&nbsp;&nbsp;Task_Display
<LI><a href="#[52]">&gt;&gt;</a>&nbsp;&nbsp;&nbsp;Task_FIFO
<LI><a href="#[11a]">&gt;&gt;</a>&nbsp;&nbsp;&nbsp;Music_Start
<LI><a href="#[4b]">&gt;&gt;</a>&nbsp;&nbsp;&nbsp;HAL_UART_Transmit
<LI><a href="#[71]">&gt;&gt;</a>&nbsp;&nbsp;&nbsp;HAL_Delay
<LI><a href="#[7e]">&gt;&gt;</a>&nbsp;&nbsp;&nbsp;HAL_I2C_Master_Transmit
<LI><a href="#[8d]">&gt;&gt;</a>&nbsp;&nbsp;&nbsp;OUTLINED_FUNCTION_35
<LI><a href="#[113]">&gt;&gt;</a>&nbsp;&nbsp;&nbsp;I2C_WaitOnSTOPFlagUntilTimeout
<LI><a href="#[10e]">&gt;&gt;</a>&nbsp;&nbsp;&nbsp;I2C_IsErrorOccurred
<LI><a href="#[7c]">&gt;&gt;</a>&nbsp;&nbsp;&nbsp;I2C_WaitOnFlagUntilTimeout
<LI><a href="#[83]">&gt;&gt;</a>&nbsp;&nbsp;&nbsp;I2C_WaitOnTXISFlagUntilTimeout
<LI><a href="#[a6]">&gt;&gt;</a>&nbsp;&nbsp;&nbsp;RCCEx_PLLSAI1_Config
<LI><a href="#[b2]">&gt;&gt;</a>&nbsp;&nbsp;&nbsp;OUTLINED_FUNCTION_1
<LI><a href="#[a9]">&gt;&gt;</a>&nbsp;&nbsp;&nbsp;OUTLINED_FUNCTION_2
<LI><a href="#[139]">&gt;&gt;</a>&nbsp;&nbsp;&nbsp;UART_WaitOnFlagUntilTimeout
<LI><a href="#[104]">&gt;&gt;</a>&nbsp;&nbsp;&nbsp;UART_CheckIdleState
</UL>

<P><STRONG><a name="[74]"></a>HAL_I2CEx_ConfigAnalogFilter</STRONG> (Thumb, 60 bytes, Stack size 0 bytes, stm32l4xx_hal_i2c_ex.o(.text.HAL_I2CEx_ConfigAnalogFilter))
<BR><BR>[Calls]<UL><LI><a href="#[75]">&gt;&gt;</a>&nbsp;&nbsp;&nbsp;OUTLINED_FUNCTION_0
</UL>
<BR>[Called By]<UL><LI><a href="#[46]">&gt;&gt;</a>&nbsp;&nbsp;&nbsp;main
</UL>

<P><STRONG><a name="[76]"></a>HAL_I2CEx_ConfigDigitalFilter</STRONG> (Thumb, 58 bytes, Stack size 0 bytes, stm32l4xx_hal_i2c_ex.o(.text.HAL_I2CEx_ConfigDigitalFilter))
<BR><BR>[Calls]<UL><LI><a href="#[75]">&gt;&gt;</a>&nbsp;&nbsp;&nbsp;OUTLINED_FUNCTION_0
</UL>
<BR>[Called By]<UL><LI><a href="#[46]">&gt;&gt;</a>&nbsp;&nbsp;&nbsp;main
</UL>

<P><STRONG><a name="[77]"></a>HAL_I2C_Init</STRONG> (Thumb, 164 bytes, Stack size 16 bytes, stm32l4xx_hal_i2c.o(.text.HAL_I2C_Init))
<BR><BR>[Stack]<UL><LI>Max Depth = 208<LI>Call Chain = HAL_I2C_Init &rArr; HAL_I2C_MspInit &rArr; HAL_RCCEx_PeriphCLKConfig &rArr; RCCEx_PLLSAI1_Config
</UL>
<BR>[Calls]<UL><LI><a href="#[79]">&gt;&gt;</a>&nbsp;&nbsp;&nbsp;HAL_I2C_MspInit
<LI><a href="#[78]">&gt;&gt;</a>&nbsp;&nbsp;&nbsp;OUTLINED_FUNCTION_41
</UL>
<BR>[Called By]<UL><LI><a href="#[46]">&gt;&gt;</a>&nbsp;&nbsp;&nbsp;main
</UL>

<P><STRONG><a name="[7a]"></a>HAL_I2C_IsDeviceReady</STRONG> (Thumb, 256 bytes, Stack size 48 bytes, stm32l4xx_hal_i2c.o(.text.HAL_I2C_IsDeviceReady))
<BR><BR>[Stack]<UL><LI>Max Depth = 104<LI>Call Chain = HAL_I2C_IsDeviceReady &rArr; I2C_WaitOnFlagUntilTimeout &rArr; I2C_IsErrorOccurred
</UL>
<BR>[Calls]<UL><LI><a href="#[72]">&gt;&gt;</a>&nbsp;&nbsp;&nbsp;HAL_GetTick
<LI><a href="#[7d]">&gt;&gt;</a>&nbsp;&nbsp;&nbsp;OUTLINED_FUNCTION_31
<LI><a href="#[7c]">&gt;&gt;</a>&nbsp;&nbsp;&nbsp;I2C_WaitOnFlagUntilTimeout
<LI><a href="#[7b]">&gt;&gt;</a>&nbsp;&nbsp;&nbsp;OUTLINED_FUNCTION_30
</UL>
<BR>[Called By]<UL><LI><a href="#[177]">&gt;&gt;</a>&nbsp;&nbsp;&nbsp;i2c_scan
</UL>

<P><STRONG><a name="[7e]"></a>HAL_I2C_Master_Transmit</STRONG> (Thumb, 264 bytes, Stack size 32 bytes, stm32l4xx_hal_i2c.o(.text.HAL_I2C_Master_Transmit))
<BR><BR>[Stack]<UL><LI>Max Depth = 88<LI>Call Chain = HAL_I2C_Master_Transmit &rArr; OUTLINED_FUNCTION_18 &rArr; I2C_WaitOnFlagUntilTimeout &rArr; I2C_IsErrorOccurred
</UL>
<BR>[Calls]<UL><LI><a href="#[72]">&gt;&gt;</a>&nbsp;&nbsp;&nbsp;HAL_GetTick
<LI><a href="#[8a]">&gt;&gt;</a>&nbsp;&nbsp;&nbsp;OUTLINED_FUNCTION_7
<LI><a href="#[89]">&gt;&gt;</a>&nbsp;&nbsp;&nbsp;OUTLINED_FUNCTION_62
<LI><a href="#[88]">&gt;&gt;</a>&nbsp;&nbsp;&nbsp;OUTLINED_FUNCTION_43
<LI><a href="#[87]">&gt;&gt;</a>&nbsp;&nbsp;&nbsp;OUTLINED_FUNCTION_18
<LI><a href="#[86]">&gt;&gt;</a>&nbsp;&nbsp;&nbsp;OUTLINED_FUNCTION_63
<LI><a href="#[85]">&gt;&gt;</a>&nbsp;&nbsp;&nbsp;OUTLINED_FUNCTION_40
<LI><a href="#[84]">&gt;&gt;</a>&nbsp;&nbsp;&nbsp;OUTLINED_FUNCTION_14
<LI><a href="#[83]">&gt;&gt;</a>&nbsp;&nbsp;&nbsp;I2C_WaitOnTXISFlagUntilTimeout
<LI><a href="#[82]">&gt;&gt;</a>&nbsp;&nbsp;&nbsp;I2C_TransferConfig
<LI><a href="#[81]">&gt;&gt;</a>&nbsp;&nbsp;&nbsp;OUTLINED_FUNCTION_2
<LI><a href="#[80]">&gt;&gt;</a>&nbsp;&nbsp;&nbsp;OUTLINED_FUNCTION_3
<LI><a href="#[7b]">&gt;&gt;</a>&nbsp;&nbsp;&nbsp;OUTLINED_FUNCTION_30
<LI><a href="#[7f]">&gt;&gt;</a>&nbsp;&nbsp;&nbsp;OUTLINED_FUNCTION_9
</UL>
<BR>[Called By]<UL><LI><a href="#[4e]">&gt;&gt;</a>&nbsp;&nbsp;&nbsp;u8x8_byte_stm32_hw_i2c
</UL>

<P><STRONG><a name="[8b]"></a>HAL_I2C_Mem_Read</STRONG> (Thumb, 288 bytes, Stack size 40 bytes, stm32l4xx_hal_i2c.o(.text.HAL_I2C_Mem_Read))
<BR><BR>[Stack]<UL><LI>Max Depth = 96<LI>Call Chain = HAL_I2C_Mem_Read &rArr; OUTLINED_FUNCTION_18 &rArr; I2C_WaitOnFlagUntilTimeout &rArr; I2C_IsErrorOccurred
</UL>
<BR>[Calls]<UL><LI><a href="#[94]">&gt;&gt;</a>&nbsp;&nbsp;&nbsp;OUTLINED_FUNCTION_58
<LI><a href="#[92]">&gt;&gt;</a>&nbsp;&nbsp;&nbsp;OUTLINED_FUNCTION_20
<LI><a href="#[91]">&gt;&gt;</a>&nbsp;&nbsp;&nbsp;OUTLINED_FUNCTION_44
<LI><a href="#[90]">&gt;&gt;</a>&nbsp;&nbsp;&nbsp;OUTLINED_FUNCTION_32
<LI><a href="#[8e]">&gt;&gt;</a>&nbsp;&nbsp;&nbsp;OUTLINED_FUNCTION_48
<LI><a href="#[8d]">&gt;&gt;</a>&nbsp;&nbsp;&nbsp;OUTLINED_FUNCTION_35
<LI><a href="#[8f]">&gt;&gt;</a>&nbsp;&nbsp;&nbsp;OUTLINED_FUNCTION_12
<LI><a href="#[8c]">&gt;&gt;</a>&nbsp;&nbsp;&nbsp;OUTLINED_FUNCTION_75
<LI><a href="#[93]">&gt;&gt;</a>&nbsp;&nbsp;&nbsp;OUTLINED_FUNCTION_21
<LI><a href="#[8a]">&gt;&gt;</a>&nbsp;&nbsp;&nbsp;OUTLINED_FUNCTION_7
<LI><a href="#[88]">&gt;&gt;</a>&nbsp;&nbsp;&nbsp;OUTLINED_FUNCTION_43
<LI><a href="#[87]">&gt;&gt;</a>&nbsp;&nbsp;&nbsp;OUTLINED_FUNCTION_18
<LI><a href="#[82]">&gt;&gt;</a>&nbsp;&nbsp;&nbsp;I2C_TransferConfig
<LI><a href="#[80]">&gt;&gt;</a>&nbsp;&nbsp;&nbsp;OUTLINED_FUNCTION_3
<LI><a href="#[7b]">&gt;&gt;</a>&nbsp;&nbsp;&nbsp;OUTLINED_FUNCTION_30
<LI><a href="#[7f]">&gt;&gt;</a>&nbsp;&nbsp;&nbsp;OUTLINED_FUNCTION_9
</UL>
<BR>[Called By]<UL><LI><a href="#[46]">&gt;&gt;</a>&nbsp;&nbsp;&nbsp;main
<LI><a href="#[52]">&gt;&gt;</a>&nbsp;&nbsp;&nbsp;Task_FIFO
<LI><a href="#[118]">&gt;&gt;</a>&nbsp;&nbsp;&nbsp;MAX30102_ReadRaw
<LI><a href="#[117]">&gt;&gt;</a>&nbsp;&nbsp;&nbsp;reg_read
</UL>

<P><STRONG><a name="[4a]"></a>HAL_I2C_Mem_Write</STRONG> (Thumb, 296 bytes, Stack size 40 bytes, stm32l4xx_hal_i2c.o(.text.HAL_I2C_Mem_Write))
<BR><BR>[Stack]<UL><LI>Max Depth = 96<LI>Call Chain = HAL_I2C_Mem_Write &rArr; OUTLINED_FUNCTION_18 &rArr; I2C_WaitOnFlagUntilTimeout &rArr; I2C_IsErrorOccurred
</UL>
<BR>[Calls]<UL><LI><a href="#[94]">&gt;&gt;</a>&nbsp;&nbsp;&nbsp;OUTLINED_FUNCTION_58
<LI><a href="#[92]">&gt;&gt;</a>&nbsp;&nbsp;&nbsp;OUTLINED_FUNCTION_20
<LI><a href="#[91]">&gt;&gt;</a>&nbsp;&nbsp;&nbsp;OUTLINED_FUNCTION_44
<LI><a href="#[90]">&gt;&gt;</a>&nbsp;&nbsp;&nbsp;OUTLINED_FUNCTION_32
<LI><a href="#[8e]">&gt;&gt;</a>&nbsp;&nbsp;&nbsp;OUTLINED_FUNCTION_48
<LI><a href="#[8d]">&gt;&gt;</a>&nbsp;&nbsp;&nbsp;OUTLINED_FUNCTION_35
<LI><a href="#[8f]">&gt;&gt;</a>&nbsp;&nbsp;&nbsp;OUTLINED_FUNCTION_12
<LI><a href="#[8c]">&gt;&gt;</a>&nbsp;&nbsp;&nbsp;OUTLINED_FUNCTION_75
<LI><a href="#[8a]">&gt;&gt;</a>&nbsp;&nbsp;&nbsp;OUTLINED_FUNCTION_7
<LI><a href="#[88]">&gt;&gt;</a>&nbsp;&nbsp;&nbsp;OUTLINED_FUNCTION_43
<LI><a href="#[87]">&gt;&gt;</a>&nbsp;&nbsp;&nbsp;OUTLINED_FUNCTION_18
<LI><a href="#[86]">&gt;&gt;</a>&nbsp;&nbsp;&nbsp;OUTLINED_FUNCTION_63
<LI><a href="#[85]">&gt;&gt;</a>&nbsp;&nbsp;&nbsp;OUTLINED_FUNCTION_40
<LI><a href="#[84]">&gt;&gt;</a>&nbsp;&nbsp;&nbsp;OUTLINED_FUNCTION_14
<LI><a href="#[82]">&gt;&gt;</a>&nbsp;&nbsp;&nbsp;I2C_TransferConfig
<LI><a href="#[80]">&gt;&gt;</a>&nbsp;&nbsp;&nbsp;OUTLINED_FUNCTION_3
<LI><a href="#[7b]">&gt;&gt;</a>&nbsp;&nbsp;&nbsp;OUTLINED_FUNCTION_30
<LI><a href="#[7f]">&gt;&gt;</a>&nbsp;&nbsp;&nbsp;OUTLINED_FUNCTION_9
</UL>
<BR>[Called By]<UL><LI><a href="#[116]">&gt;&gt;</a>&nbsp;&nbsp;&nbsp;reg_write
</UL>
<BR>[Address Reference Count : 1]<UL><LI> main.o(.text.Task_FIFO)
</UL>
<P><STRONG><a name="[79]"></a>HAL_I2C_MspInit</STRONG> (Thumb, 304 bytes, Stack size 136 bytes, stm32l4xx_hal_msp.o(.text.HAL_I2C_MspInit))
<BR><BR>[Stack]<UL><LI>Max Depth = 192<LI>Call Chain = HAL_I2C_MspInit &rArr; HAL_RCCEx_PeriphCLKConfig &rArr; RCCEx_PLLSAI1_Config
</UL>
<BR>[Calls]<UL><LI><a href="#[99]">&gt;&gt;</a>&nbsp;&nbsp;&nbsp;HAL_DMA_Init
<LI><a href="#[96]">&gt;&gt;</a>&nbsp;&nbsp;&nbsp;HAL_RCCEx_PeriphCLKConfig
<LI><a href="#[9a]">&gt;&gt;</a>&nbsp;&nbsp;&nbsp;OUTLINED_FUNCTION_1
<LI><a href="#[98]">&gt;&gt;</a>&nbsp;&nbsp;&nbsp;OUTLINED_FUNCTION_0
<LI><a href="#[97]">&gt;&gt;</a>&nbsp;&nbsp;&nbsp;Error_Handler
<LI><a href="#[9b]">&gt;&gt;</a>&nbsp;&nbsp;&nbsp;HAL_GPIO_Init
<LI><a href="#[95]">&gt;&gt;</a>&nbsp;&nbsp;&nbsp;__aeabi_memclr4
</UL>
<BR>[Called By]<UL><LI><a href="#[77]">&gt;&gt;</a>&nbsp;&nbsp;&nbsp;HAL_I2C_Init
</UL>

<P><STRONG><a name="[ee]"></a>HAL_IncTick</STRONG> (Thumb, 16 bytes, Stack size 0 bytes, stm32l4xx_hal.o(.text.HAL_IncTick))
<BR><BR>[Called By]<UL><LI><a href="#[c6]">&gt;&gt;</a>&nbsp;&nbsp;&nbsp;HAL_TIM_PeriodElapsedCallback
</UL>

<P><STRONG><a name="[9c]"></a>HAL_Init</STRONG> (Thumb, 28 bytes, Stack size 8 bytes, stm32l4xx_hal.o(.text.HAL_Init))
<BR><BR>[Stack]<UL><LI>Max Depth = 72<LI>Call Chain = HAL_Init &rArr; HAL_InitTick &rArr; HAL_TIM_Base_Init &rArr; OUTLINED_FUNCTION_3 &rArr; TIM_Base_SetConfig
</UL>
<BR>[Calls]<UL><LI><a href="#[9e]">&gt;&gt;</a>&nbsp;&nbsp;&nbsp;HAL_InitTick
<LI><a href="#[9f]">&gt;&gt;</a>&nbsp;&nbsp;&nbsp;HAL_MspInit
<LI><a href="#[9d]">&gt;&gt;</a>&nbsp;&nbsp;&nbsp;HAL_NVIC_SetPriorityGrouping
</UL>
<BR>[Called By]<UL><LI><a href="#[46]">&gt;&gt;</a>&nbsp;&nbsp;&nbsp;main
</UL>

<P><STRONG><a name="[9e]"></a>HAL_InitTick</STRONG> (Thumb, 136 bytes, Stack size 40 bytes, stm32l4xx_hal_timebase_tim.o(.text.HAL_InitTick))
<BR><BR>[Stack]<UL><LI>Max Depth = 64<LI>Call Chain = HAL_InitTick &rArr; HAL_TIM_Base_Init &rArr; OUTLINED_FUNCTION_3 &rArr; TIM_Base_SetConfig
</UL>
<BR>[Calls]<UL><LI><a href="#[a3]">&gt;&gt;</a>&nbsp;&nbsp;&nbsp;HAL_TIM_Base_Start_IT
<LI><a href="#[a1]">&gt;&gt;</a>&nbsp;&nbsp;&nbsp;HAL_RCC_GetPCLK1Freq
<LI><a href="#[a0]">&gt;&gt;</a>&nbsp;&nbsp;&nbsp;HAL_RCC_GetClockConfig
<LI><a href="#[a2]">&gt;&gt;</a>&nbsp;&nbsp;&nbsp;HAL_TIM_Base_Init
<LI><a href="#[a4]">&gt;&gt;</a>&nbsp;&nbsp;&nbsp;HAL_NVIC_EnableIRQ
<LI><a href="#[a5]">&gt;&gt;</a>&nbsp;&nbsp;&nbsp;HAL_NVIC_SetPriority
</UL>
<BR>[Called By]<UL><LI><a href="#[a8]">&gt;&gt;</a>&nbsp;&nbsp;&nbsp;HAL_RCC_ClockConfig
<LI><a href="#[ae]">&gt;&gt;</a>&nbsp;&nbsp;&nbsp;HAL_RCC_OscConfig
<LI><a href="#[9c]">&gt;&gt;</a>&nbsp;&nbsp;&nbsp;HAL_Init
</UL>

<P><STRONG><a name="[9f]"></a>HAL_MspInit</STRONG> (Thumb, 56 bytes, Stack size 8 bytes, stm32l4xx_hal_msp.o(.text.HAL_MspInit))
<BR><BR>[Stack]<UL><LI>Max Depth = 28<LI>Call Chain = HAL_MspInit &rArr; HAL_NVIC_SetPriority
</UL>
<BR>[Calls]<UL><LI><a href="#[a5]">&gt;&gt;</a>&nbsp;&nbsp;&nbsp;HAL_NVIC_SetPriority
</UL>
<BR>[Called By]<UL><LI><a href="#[9c]">&gt;&gt;</a>&nbsp;&nbsp;&nbsp;HAL_Init
</UL>

<P><STRONG><a name="[a4]"></a>HAL_NVIC_EnableIRQ</STRONG> (Thumb, 28 bytes, Stack size 0 bytes, stm32l4xx_hal_cortex.o(.text.HAL_NVIC_EnableIRQ))
<BR><BR>[Called By]<UL><LI><a href="#[9e]">&gt;&gt;</a>&nbsp;&nbsp;&nbsp;HAL_InitTick
<LI><a href="#[105]">&gt;&gt;</a>&nbsp;&nbsp;&nbsp;HAL_UART_MspInit
<LI><a href="#[46]">&gt;&gt;</a>&nbsp;&nbsp;&nbsp;main
</UL>

<P><STRONG><a name="[a5]"></a>HAL_NVIC_SetPriority</STRONG> (Thumb, 72 bytes, Stack size 20 bytes, stm32l4xx_hal_cortex.o(.text.HAL_NVIC_SetPriority))
<BR><BR>[Stack]<UL><LI>Max Depth = 20<LI>Call Chain = HAL_NVIC_SetPriority
</UL>
<BR>[Called By]<UL><LI><a href="#[9e]">&gt;&gt;</a>&nbsp;&nbsp;&nbsp;HAL_InitTick
<LI><a href="#[105]">&gt;&gt;</a>&nbsp;&nbsp;&nbsp;HAL_UART_MspInit
<LI><a href="#[9f]">&gt;&gt;</a>&nbsp;&nbsp;&nbsp;HAL_MspInit
<LI><a href="#[46]">&gt;&gt;</a>&nbsp;&nbsp;&nbsp;main
</UL>

<P><STRONG><a name="[9d]"></a>HAL_NVIC_SetPriorityGrouping</STRONG> (Thumb, 24 bytes, Stack size 0 bytes, stm32l4xx_hal_cortex.o(.text.HAL_NVIC_SetPriorityGrouping))
<BR><BR>[Called By]<UL><LI><a href="#[9c]">&gt;&gt;</a>&nbsp;&nbsp;&nbsp;HAL_Init
</UL>

<P><STRONG><a name="[161]"></a>HAL_PWREx_ControlVoltageScaling</STRONG> (Thumb, 100 bytes, Stack size 8 bytes, stm32l4xx_hal_pwr_ex.o(.text.HAL_PWREx_ControlVoltageScaling))
<BR><BR>[Stack]<UL><LI>Max Depth = 8<LI>Call Chain = HAL_PWREx_ControlVoltageScaling
</UL>
<BR>[Called By]<UL><LI><a href="#[160]">&gt;&gt;</a>&nbsp;&nbsp;&nbsp;SystemClock_Config
</UL>

<P><STRONG><a name="[15c]"></a>HAL_PWREx_GetVoltageRange</STRONG> (Thumb, 12 bytes, Stack size 0 bytes, stm32l4xx_hal_pwr_ex.o(.text.HAL_PWREx_GetVoltageRange))
<BR><BR>[Called By]<UL><LI><a href="#[b0]">&gt;&gt;</a>&nbsp;&nbsp;&nbsp;RCC_SetFlashLatencyFromMSIRange
</UL>

<P><STRONG><a name="[162]"></a>HAL_PWR_EnableBkUpAccess</STRONG> (Thumb, 12 bytes, Stack size 0 bytes, stm32l4xx_hal_pwr.o(.text.HAL_PWR_EnableBkUpAccess))
<BR><BR>[Called By]<UL><LI><a href="#[160]">&gt;&gt;</a>&nbsp;&nbsp;&nbsp;SystemClock_Config
</UL>

<P><STRONG><a name="[163]"></a>HAL_RCCEx_EnableMSIPLLMode</STRONG> (Thumb, 12 bytes, Stack size 0 bytes, stm32l4xx_hal_rcc_ex.o(.text.HAL_RCCEx_EnableMSIPLLMode))
<BR><BR>[Called By]<UL><LI><a href="#[160]">&gt;&gt;</a>&nbsp;&nbsp;&nbsp;SystemClock_Config
</UL>

<P><STRONG><a name="[96]"></a>HAL_RCCEx_PeriphCLKConfig</STRONG> (Thumb, 548 bytes, Stack size 32 bytes, stm32l4xx_hal_rcc_ex.o(.text.HAL_RCCEx_PeriphCLKConfig))
<BR><BR>[Stack]<UL><LI>Max Depth = 56<LI>Call Chain = HAL_RCCEx_PeriphCLKConfig &rArr; RCCEx_PLLSAI1_Config
</UL>
<BR>[Calls]<UL><LI><a href="#[72]">&gt;&gt;</a>&nbsp;&nbsp;&nbsp;HAL_GetTick
<LI><a href="#[a7]">&gt;&gt;</a>&nbsp;&nbsp;&nbsp;OUTLINED_FUNCTION_1
<LI><a href="#[a6]">&gt;&gt;</a>&nbsp;&nbsp;&nbsp;RCCEx_PLLSAI1_Config
</UL>
<BR>[Called By]<UL><LI><a href="#[105]">&gt;&gt;</a>&nbsp;&nbsp;&nbsp;HAL_UART_MspInit
<LI><a href="#[79]">&gt;&gt;</a>&nbsp;&nbsp;&nbsp;HAL_I2C_MspInit
</UL>

<P><STRONG><a name="[a8]"></a>HAL_RCC_ClockConfig</STRONG> (Thumb, 308 bytes, Stack size 32 bytes, stm32l4xx_hal_rcc.o(.text.HAL_RCC_ClockConfig))
<BR><BR>[Stack]<UL><LI>Max Depth = 96<LI>Call Chain = HAL_RCC_ClockConfig &rArr; HAL_InitTick &rArr; HAL_TIM_Base_Init &rArr; OUTLINED_FUNCTION_3 &rArr; TIM_Base_SetConfig
</UL>
<BR>[Calls]<UL><LI><a href="#[9e]">&gt;&gt;</a>&nbsp;&nbsp;&nbsp;HAL_InitTick
<LI><a href="#[72]">&gt;&gt;</a>&nbsp;&nbsp;&nbsp;HAL_GetTick
<LI><a href="#[aa]">&gt;&gt;</a>&nbsp;&nbsp;&nbsp;HAL_RCC_GetSysClockFreq
<LI><a href="#[ab]">&gt;&gt;</a>&nbsp;&nbsp;&nbsp;OUTLINED_FUNCTION_5
<LI><a href="#[a9]">&gt;&gt;</a>&nbsp;&nbsp;&nbsp;OUTLINED_FUNCTION_2
</UL>
<BR>[Called By]<UL><LI><a href="#[160]">&gt;&gt;</a>&nbsp;&nbsp;&nbsp;SystemClock_Config
</UL>

<P><STRONG><a name="[a0]"></a>HAL_RCC_GetClockConfig</STRONG> (Thumb, 56 bytes, Stack size 0 bytes, stm32l4xx_hal_rcc.o(.text.HAL_RCC_GetClockConfig))
<BR><BR>[Called By]<UL><LI><a href="#[9e]">&gt;&gt;</a>&nbsp;&nbsp;&nbsp;HAL_InitTick
</UL>

<P><STRONG><a name="[a1]"></a>HAL_RCC_GetPCLK1Freq</STRONG> (Thumb, 20 bytes, Stack size 0 bytes, stm32l4xx_hal_rcc.o(.text.HAL_RCC_GetPCLK1Freq))
<BR><BR>[Calls]<UL><LI><a href="#[ac]">&gt;&gt;</a>&nbsp;&nbsp;&nbsp;OUTLINED_FUNCTION_4
</UL>
<BR>[Called By]<UL><LI><a href="#[9e]">&gt;&gt;</a>&nbsp;&nbsp;&nbsp;HAL_InitTick
<LI><a href="#[144]">&gt;&gt;</a>&nbsp;&nbsp;&nbsp;UART_SetConfig
</UL>

<P><STRONG><a name="[ad]"></a>HAL_RCC_GetPCLK2Freq</STRONG> (Thumb, 20 bytes, Stack size 0 bytes, stm32l4xx_hal_rcc.o(.text.HAL_RCC_GetPCLK2Freq))
<BR><BR>[Calls]<UL><LI><a href="#[ac]">&gt;&gt;</a>&nbsp;&nbsp;&nbsp;OUTLINED_FUNCTION_4
</UL>
<BR>[Called By]<UL><LI><a href="#[144]">&gt;&gt;</a>&nbsp;&nbsp;&nbsp;UART_SetConfig
</UL>

<P><STRONG><a name="[aa]"></a>HAL_RCC_GetSysClockFreq</STRONG> (Thumb, 156 bytes, Stack size 8 bytes, stm32l4xx_hal_rcc.o(.text.HAL_RCC_GetSysClockFreq))
<BR><BR>[Stack]<UL><LI>Max Depth = 8<LI>Call Chain = HAL_RCC_GetSysClockFreq
</UL>
<BR>[Called By]<UL><LI><a href="#[a8]">&gt;&gt;</a>&nbsp;&nbsp;&nbsp;HAL_RCC_ClockConfig
<LI><a href="#[ae]">&gt;&gt;</a>&nbsp;&nbsp;&nbsp;HAL_RCC_OscConfig
<LI><a href="#[144]">&gt;&gt;</a>&nbsp;&nbsp;&nbsp;UART_SetConfig
</UL>

<P><STRONG><a name="[ae]"></a>HAL_RCC_OscConfig</STRONG> (Thumb, 1276 bytes, Stack size 32 bytes, stm32l4xx_hal_rcc.o(.text.HAL_RCC_OscConfig))
<BR><BR>[Stack]<UL><LI>Max Depth = 96<LI>Call Chain = HAL_RCC_OscConfig &rArr; HAL_InitTick &rArr; HAL_TIM_Base_Init &rArr; OUTLINED_FUNCTION_3 &rArr; TIM_Base_SetConfig
</UL>
<BR>[Calls]<UL><LI><a href="#[9e]">&gt;&gt;</a>&nbsp;&nbsp;&nbsp;HAL_InitTick
<LI><a href="#[72]">&gt;&gt;</a>&nbsp;&nbsp;&nbsp;HAL_GetTick
<LI><a href="#[aa]">&gt;&gt;</a>&nbsp;&nbsp;&nbsp;HAL_RCC_GetSysClockFreq
<LI><a href="#[ab]">&gt;&gt;</a>&nbsp;&nbsp;&nbsp;OUTLINED_FUNCTION_5
<LI><a href="#[b2]">&gt;&gt;</a>&nbsp;&nbsp;&nbsp;OUTLINED_FUNCTION_1
<LI><a href="#[b1]">&gt;&gt;</a>&nbsp;&nbsp;&nbsp;OUTLINED_FUNCTION_0
<LI><a href="#[b0]">&gt;&gt;</a>&nbsp;&nbsp;&nbsp;RCC_SetFlashLatencyFromMSIRange
<LI><a href="#[af]">&gt;&gt;</a>&nbsp;&nbsp;&nbsp;OUTLINED_FUNCTION_3
<LI><a href="#[a9]">&gt;&gt;</a>&nbsp;&nbsp;&nbsp;OUTLINED_FUNCTION_2
</UL>
<BR>[Called By]<UL><LI><a href="#[160]">&gt;&gt;</a>&nbsp;&nbsp;&nbsp;SystemClock_Config
</UL>

<P><STRONG><a name="[c8]"></a>HAL_TIMEx_Break2Callback</STRONG> (Thumb, 2 bytes, Stack size 0 bytes, stm32l4xx_hal_tim_ex.o(.text.HAL_TIMEx_Break2Callback))
<BR><BR>[Called By]<UL><LI><a href="#[c3]">&gt;&gt;</a>&nbsp;&nbsp;&nbsp;HAL_TIM_IRQHandler
</UL>

<P><STRONG><a name="[c7]"></a>HAL_TIMEx_BreakCallback</STRONG> (Thumb, 2 bytes, Stack size 0 bytes, stm32l4xx_hal_tim_ex.o(.text.HAL_TIMEx_BreakCallback))
<BR><BR>[Called By]<UL><LI><a href="#[c3]">&gt;&gt;</a>&nbsp;&nbsp;&nbsp;HAL_TIM_IRQHandler
</UL>

<P><STRONG><a name="[ca]"></a>HAL_TIMEx_CommutCallback</STRONG> (Thumb, 2 bytes, Stack size 0 bytes, stm32l4xx_hal_tim_ex.o(.text.HAL_TIMEx_CommutCallback))
<BR><BR>[Called By]<UL><LI><a href="#[c3]">&gt;&gt;</a>&nbsp;&nbsp;&nbsp;HAL_TIM_IRQHandler
</UL>

<P><STRONG><a name="[17b]"></a>HAL_TIMEx_ConfigBreakDeadTime</STRONG> (Thumb, 124 bytes, Stack size 16 bytes, stm32l4xx_hal_tim_ex.o(.text.HAL_TIMEx_ConfigBreakDeadTime))
<BR><BR>[Stack]<UL><LI>Max Depth = 16<LI>Call Chain = HAL_TIMEx_ConfigBreakDeadTime
</UL>
<BR>[Called By]<UL><LI><a href="#[46]">&gt;&gt;</a>&nbsp;&nbsp;&nbsp;main
</UL>

<P><STRONG><a name="[17a]"></a>HAL_TIMEx_MasterConfigSynchronization</STRONG> (Thumb, 92 bytes, Stack size 16 bytes, stm32l4xx_hal_tim_ex.o(.text.HAL_TIMEx_MasterConfigSynchronization))
<BR><BR>[Stack]<UL><LI>Max Depth = 16<LI>Call Chain = HAL_TIMEx_MasterConfigSynchronization
</UL>
<BR>[Called By]<UL><LI><a href="#[46]">&gt;&gt;</a>&nbsp;&nbsp;&nbsp;main
</UL>

<P><STRONG><a name="[a2]"></a>HAL_TIM_Base_Init</STRONG> (Thumb, 36 bytes, Stack size 8 bytes, stm32l4xx_hal_tim.o(.text.HAL_TIM_Base_Init))
<BR><BR>[Stack]<UL><LI>Max Depth = 24<LI>Call Chain = HAL_TIM_Base_Init &rArr; OUTLINED_FUNCTION_3 &rArr; TIM_Base_SetConfig
</UL>
<BR>[Calls]<UL><LI><a href="#[b8]">&gt;&gt;</a>&nbsp;&nbsp;&nbsp;OUTLINED_FUNCTION_23
<LI><a href="#[b7]">&gt;&gt;</a>&nbsp;&nbsp;&nbsp;OUTLINED_FUNCTION_0
<LI><a href="#[b6]">&gt;&gt;</a>&nbsp;&nbsp;&nbsp;OUTLINED_FUNCTION_3
<LI><a href="#[b4]">&gt;&gt;</a>&nbsp;&nbsp;&nbsp;OUTLINED_FUNCTION_25
<LI><a href="#[b3]">&gt;&gt;</a>&nbsp;&nbsp;&nbsp;OUTLINED_FUNCTION_50
<LI><a href="#[b5]">&gt;&gt;</a>&nbsp;&nbsp;&nbsp;HAL_TIM_Base_MspInit
</UL>
<BR>[Called By]<UL><LI><a href="#[9e]">&gt;&gt;</a>&nbsp;&nbsp;&nbsp;HAL_InitTick
<LI><a href="#[46]">&gt;&gt;</a>&nbsp;&nbsp;&nbsp;main
<LI><a href="#[13a]">&gt;&gt;</a>&nbsp;&nbsp;&nbsp;OUTLINED_FUNCTION_2
</UL>

<P><STRONG><a name="[b5]"></a>HAL_TIM_Base_MspInit</STRONG> (Thumb, 108 bytes, Stack size 4 bytes, stm32l4xx_hal_msp.o(.text.HAL_TIM_Base_MspInit))
<BR><BR>[Stack]<UL><LI>Max Depth = 4<LI>Call Chain = HAL_TIM_Base_MspInit
</UL>
<BR>[Calls]<UL><LI><a href="#[b9]">&gt;&gt;</a>&nbsp;&nbsp;&nbsp;OUTLINED_FUNCTION_3
</UL>
<BR>[Called By]<UL><LI><a href="#[a2]">&gt;&gt;</a>&nbsp;&nbsp;&nbsp;HAL_TIM_Base_Init
</UL>

<P><STRONG><a name="[ba]"></a>HAL_TIM_Base_Start</STRONG> (Thumb, 68 bytes, Stack size 0 bytes, stm32l4xx_hal_tim.o(.text.HAL_TIM_Base_Start))
<BR><BR>[Calls]<UL><LI><a href="#[bc]">&gt;&gt;</a>&nbsp;&nbsp;&nbsp;OUTLINED_FUNCTION_9
<LI><a href="#[bb]">&gt;&gt;</a>&nbsp;&nbsp;&nbsp;OUTLINED_FUNCTION_65
</UL>
<BR>[Called By]<UL><LI><a href="#[46]">&gt;&gt;</a>&nbsp;&nbsp;&nbsp;main
</UL>

<P><STRONG><a name="[a3]"></a>HAL_TIM_Base_Start_IT</STRONG> (Thumb, 76 bytes, Stack size 0 bytes, stm32l4xx_hal_tim.o(.text.HAL_TIM_Base_Start_IT))
<BR><BR>[Calls]<UL><LI><a href="#[bc]">&gt;&gt;</a>&nbsp;&nbsp;&nbsp;OUTLINED_FUNCTION_9
<LI><a href="#[bb]">&gt;&gt;</a>&nbsp;&nbsp;&nbsp;OUTLINED_FUNCTION_65
</UL>
<BR>[Called By]<UL><LI><a href="#[9e]">&gt;&gt;</a>&nbsp;&nbsp;&nbsp;HAL_InitTick
</UL>

<P><STRONG><a name="[bd]"></a>HAL_TIM_ConfigClockSource</STRONG> (Thumb, 204 bytes, Stack size 8 bytes, stm32l4xx_hal_tim.o(.text.HAL_TIM_ConfigClockSource))
<BR><BR>[Stack]<UL><LI>Max Depth = 16<LI>Call Chain = HAL_TIM_ConfigClockSource &rArr; OUTLINED_FUNCTION_63 &rArr; TIM_TI1_ConfigInputStage
</UL>
<BR>[Calls]<UL><LI><a href="#[c1]">&gt;&gt;</a>&nbsp;&nbsp;&nbsp;OUTLINED_FUNCTION_63
<LI><a href="#[c0]">&gt;&gt;</a>&nbsp;&nbsp;&nbsp;TIM_TI2_ConfigInputStage
<LI><a href="#[bf]">&gt;&gt;</a>&nbsp;&nbsp;&nbsp;OUTLINED_FUNCTION_19
<LI><a href="#[be]">&gt;&gt;</a>&nbsp;&nbsp;&nbsp;OUTLINED_FUNCTION_47
<LI><a href="#[c2]">&gt;&gt;</a>&nbsp;&nbsp;&nbsp;OUTLINED_FUNCTION_59
</UL>
<BR>[Called By]<UL><LI><a href="#[46]">&gt;&gt;</a>&nbsp;&nbsp;&nbsp;main
</UL>

<P><STRONG><a name="[156]"></a>HAL_TIM_IC_CaptureCallback</STRONG> (Thumb, 2 bytes, Stack size 0 bytes, stm32l4xx_hal_tim.o(.text.HAL_TIM_IC_CaptureCallback))
<BR><BR>[Called By]<UL><LI><a href="#[c4]">&gt;&gt;</a>&nbsp;&nbsp;&nbsp;OUTLINED_FUNCTION_61
</UL>

<P><STRONG><a name="[c3]"></a>HAL_TIM_IRQHandler</STRONG> (Thumb, 290 bytes, Stack size 16 bytes, stm32l4xx_hal_tim.o(.text.HAL_TIM_IRQHandler))
<BR><BR>[Stack]<UL><LI>Max Depth = 24<LI>Call Chain = HAL_TIM_IRQHandler &rArr; OUTLINED_FUNCTION_40
</UL>
<BR>[Calls]<UL><LI><a href="#[c5]">&gt;&gt;</a>&nbsp;&nbsp;&nbsp;OUTLINED_FUNCTION_40
<LI><a href="#[c4]">&gt;&gt;</a>&nbsp;&nbsp;&nbsp;OUTLINED_FUNCTION_61
<LI><a href="#[c6]">&gt;&gt;</a>&nbsp;&nbsp;&nbsp;HAL_TIM_PeriodElapsedCallback
<LI><a href="#[ca]">&gt;&gt;</a>&nbsp;&nbsp;&nbsp;HAL_TIMEx_CommutCallback
<LI><a href="#[c9]">&gt;&gt;</a>&nbsp;&nbsp;&nbsp;HAL_TIM_TriggerCallback
<LI><a href="#[c8]">&gt;&gt;</a>&nbsp;&nbsp;&nbsp;HAL_TIMEx_Break2Callback
<LI><a href="#[c7]">&gt;&gt;</a>&nbsp;&nbsp;&nbsp;HAL_TIMEx_BreakCallback
</UL>
<BR>[Called By]<UL><LI><a href="#[30]">&gt;&gt;</a>&nbsp;&nbsp;&nbsp;TIM7_IRQHandler
</UL>

<P><STRONG><a name="[cb]"></a>HAL_TIM_MspPostInit</STRONG> (Thumb, 88 bytes, Stack size 32 bytes, stm32l4xx_hal_msp.o(.text.HAL_TIM_MspPostInit))
<BR><BR>[Stack]<UL><LI>Max Depth = 80<LI>Call Chain = HAL_TIM_MspPostInit &rArr; OUTLINED_FUNCTION_0 &rArr; HAL_GPIO_Init
</UL>
<BR>[Calls]<UL><LI><a href="#[cc]">&gt;&gt;</a>&nbsp;&nbsp;&nbsp;OUTLINED_FUNCTION_2
<LI><a href="#[b9]">&gt;&gt;</a>&nbsp;&nbsp;&nbsp;OUTLINED_FUNCTION_3
<LI><a href="#[98]">&gt;&gt;</a>&nbsp;&nbsp;&nbsp;OUTLINED_FUNCTION_0
<LI><a href="#[95]">&gt;&gt;</a>&nbsp;&nbsp;&nbsp;__aeabi_memclr4
</UL>
<BR>[Called By]<UL><LI><a href="#[46]">&gt;&gt;</a>&nbsp;&nbsp;&nbsp;main
</UL>

<P><STRONG><a name="[14f]"></a>HAL_TIM_OC_DelayElapsedCallback</STRONG> (Thumb, 2 bytes, Stack size 0 bytes, stm32l4xx_hal_tim.o(.text.HAL_TIM_OC_DelayElapsedCallback))
<BR><BR>[Called By]<UL><LI><a href="#[c5]">&gt;&gt;</a>&nbsp;&nbsp;&nbsp;OUTLINED_FUNCTION_40
</UL>

<P><STRONG><a name="[cd]"></a>HAL_TIM_PWM_ConfigChannel</STRONG> (Thumb, 180 bytes, Stack size 16 bytes, stm32l4xx_hal_tim.o(.text.HAL_TIM_PWM_ConfigChannel))
<BR><BR>[Stack]<UL><LI>Max Depth = 36<LI>Call Chain = HAL_TIM_PWM_ConfigChannel &rArr; TIM_OC6_SetConfig
</UL>
<BR>[Calls]<UL><LI><a href="#[c2]">&gt;&gt;</a>&nbsp;&nbsp;&nbsp;OUTLINED_FUNCTION_59
<LI><a href="#[d4]">&gt;&gt;</a>&nbsp;&nbsp;&nbsp;TIM_OC6_SetConfig
<LI><a href="#[d2]">&gt;&gt;</a>&nbsp;&nbsp;&nbsp;TIM_OC4_SetConfig
<LI><a href="#[d1]">&gt;&gt;</a>&nbsp;&nbsp;&nbsp;TIM_OC3_SetConfig
<LI><a href="#[d0]">&gt;&gt;</a>&nbsp;&nbsp;&nbsp;TIM_OC5_SetConfig
<LI><a href="#[cf]">&gt;&gt;</a>&nbsp;&nbsp;&nbsp;TIM_OC1_SetConfig
<LI><a href="#[ce]">&gt;&gt;</a>&nbsp;&nbsp;&nbsp;OUTLINED_FUNCTION_70
<LI><a href="#[d3]">&gt;&gt;</a>&nbsp;&nbsp;&nbsp;TIM_OC2_SetConfig
</UL>
<BR>[Called By]<UL><LI><a href="#[46]">&gt;&gt;</a>&nbsp;&nbsp;&nbsp;main
</UL>

<P><STRONG><a name="[d5]"></a>HAL_TIM_PWM_Init</STRONG> (Thumb, 36 bytes, Stack size 8 bytes, stm32l4xx_hal_tim.o(.text.HAL_TIM_PWM_Init))
<BR><BR>[Stack]<UL><LI>Max Depth = 24<LI>Call Chain = HAL_TIM_PWM_Init &rArr; OUTLINED_FUNCTION_3 &rArr; TIM_Base_SetConfig
</UL>
<BR>[Calls]<UL><LI><a href="#[b8]">&gt;&gt;</a>&nbsp;&nbsp;&nbsp;OUTLINED_FUNCTION_23
<LI><a href="#[b7]">&gt;&gt;</a>&nbsp;&nbsp;&nbsp;OUTLINED_FUNCTION_0
<LI><a href="#[b6]">&gt;&gt;</a>&nbsp;&nbsp;&nbsp;OUTLINED_FUNCTION_3
<LI><a href="#[b4]">&gt;&gt;</a>&nbsp;&nbsp;&nbsp;OUTLINED_FUNCTION_25
<LI><a href="#[b3]">&gt;&gt;</a>&nbsp;&nbsp;&nbsp;OUTLINED_FUNCTION_50
<LI><a href="#[d6]">&gt;&gt;</a>&nbsp;&nbsp;&nbsp;HAL_TIM_PWM_MspInit
</UL>
<BR>[Called By]<UL><LI><a href="#[46]">&gt;&gt;</a>&nbsp;&nbsp;&nbsp;main
</UL>

<P><STRONG><a name="[d6]"></a>HAL_TIM_PWM_MspInit</STRONG> (Thumb, 2 bytes, Stack size 0 bytes, stm32l4xx_hal_tim.o(.text.HAL_TIM_PWM_MspInit))
<BR><BR>[Called By]<UL><LI><a href="#[d5]">&gt;&gt;</a>&nbsp;&nbsp;&nbsp;HAL_TIM_PWM_Init
</UL>

<P><STRONG><a name="[150]"></a>HAL_TIM_PWM_PulseFinishedCallback</STRONG> (Thumb, 2 bytes, Stack size 0 bytes, stm32l4xx_hal_tim.o(.text.HAL_TIM_PWM_PulseFinishedCallback))
<BR><BR>[Called By]<UL><LI><a href="#[c5]">&gt;&gt;</a>&nbsp;&nbsp;&nbsp;OUTLINED_FUNCTION_40
</UL>

<P><STRONG><a name="[d7]"></a>HAL_TIM_PWM_Start</STRONG> (Thumb, 148 bytes, Stack size 16 bytes, stm32l4xx_hal_tim.o(.text.HAL_TIM_PWM_Start))
<BR><BR>[Stack]<UL><LI>Max Depth = 24<LI>Call Chain = HAL_TIM_PWM_Start &rArr; OUTLINED_FUNCTION_36 &rArr; TIM_CCxChannelCmd
</UL>
<BR>[Calls]<UL><LI><a href="#[e1]">&gt;&gt;</a>&nbsp;&nbsp;&nbsp;OUTLINED_FUNCTION_24
<LI><a href="#[e0]">&gt;&gt;</a>&nbsp;&nbsp;&nbsp;OUTLINED_FUNCTION_55
<LI><a href="#[df]">&gt;&gt;</a>&nbsp;&nbsp;&nbsp;OUTLINED_FUNCTION_36
<LI><a href="#[de]">&gt;&gt;</a>&nbsp;&nbsp;&nbsp;OUTLINED_FUNCTION_51
<LI><a href="#[dd]">&gt;&gt;</a>&nbsp;&nbsp;&nbsp;OUTLINED_FUNCTION_54
<LI><a href="#[dc]">&gt;&gt;</a>&nbsp;&nbsp;&nbsp;OUTLINED_FUNCTION_53
<LI><a href="#[db]">&gt;&gt;</a>&nbsp;&nbsp;&nbsp;OUTLINED_FUNCTION_52
<LI><a href="#[da]">&gt;&gt;</a>&nbsp;&nbsp;&nbsp;OUTLINED_FUNCTION_45
<LI><a href="#[d9]">&gt;&gt;</a>&nbsp;&nbsp;&nbsp;OUTLINED_FUNCTION_49
<LI><a href="#[d8]">&gt;&gt;</a>&nbsp;&nbsp;&nbsp;OUTLINED_FUNCTION_15
<LI><a href="#[bc]">&gt;&gt;</a>&nbsp;&nbsp;&nbsp;OUTLINED_FUNCTION_9
<LI><a href="#[bb]">&gt;&gt;</a>&nbsp;&nbsp;&nbsp;OUTLINED_FUNCTION_65
</UL>
<BR>[Called By]<UL><LI><a href="#[11c]">&gt;&gt;</a>&nbsp;&nbsp;&nbsp;Music_Update
<LI><a href="#[11a]">&gt;&gt;</a>&nbsp;&nbsp;&nbsp;Music_Start
</UL>

<P><STRONG><a name="[e2]"></a>HAL_TIM_PWM_Stop</STRONG> (Thumb, 116 bytes, Stack size 16 bytes, stm32l4xx_hal_tim.o(.text.HAL_TIM_PWM_Stop))
<BR><BR>[Stack]<UL><LI>Max Depth = 24<LI>Call Chain = HAL_TIM_PWM_Stop &rArr; OUTLINED_FUNCTION_10 &rArr; TIM_CCxChannelCmd
</UL>
<BR>[Calls]<UL><LI><a href="#[ed]">&gt;&gt;</a>&nbsp;&nbsp;&nbsp;OUTLINED_FUNCTION_72
<LI><a href="#[e9]">&gt;&gt;</a>&nbsp;&nbsp;&nbsp;OUTLINED_FUNCTION_73
<LI><a href="#[e5]">&gt;&gt;</a>&nbsp;&nbsp;&nbsp;OUTLINED_FUNCTION_17
<LI><a href="#[e4]">&gt;&gt;</a>&nbsp;&nbsp;&nbsp;OUTLINED_FUNCTION_18
<LI><a href="#[e3]">&gt;&gt;</a>&nbsp;&nbsp;&nbsp;OUTLINED_FUNCTION_10
<LI><a href="#[eb]">&gt;&gt;</a>&nbsp;&nbsp;&nbsp;OUTLINED_FUNCTION_41
<LI><a href="#[ea]">&gt;&gt;</a>&nbsp;&nbsp;&nbsp;OUTLINED_FUNCTION_43
<LI><a href="#[ec]">&gt;&gt;</a>&nbsp;&nbsp;&nbsp;OUTLINED_FUNCTION_42
<LI><a href="#[e8]">&gt;&gt;</a>&nbsp;&nbsp;&nbsp;OUTLINED_FUNCTION_44
<LI><a href="#[e7]">&gt;&gt;</a>&nbsp;&nbsp;&nbsp;OUTLINED_FUNCTION_6
<LI><a href="#[e6]">&gt;&gt;</a>&nbsp;&nbsp;&nbsp;OUTLINED_FUNCTION_5
</UL>
<BR>[Called By]<UL><LI><a href="#[46]">&gt;&gt;</a>&nbsp;&nbsp;&nbsp;main
<LI><a href="#[11c]">&gt;&gt;</a>&nbsp;&nbsp;&nbsp;Music_Update
<LI><a href="#[11b]">&gt;&gt;</a>&nbsp;&nbsp;&nbsp;Music_Stop
</UL>

<P><STRONG><a name="[c6]"></a>HAL_TIM_PeriodElapsedCallback</STRONG> (Thumb, 16 bytes, Stack size 0 bytes, main.o(.text.HAL_TIM_PeriodElapsedCallback))
<BR><BR>[Calls]<UL><LI><a href="#[ee]">&gt;&gt;</a>&nbsp;&nbsp;&nbsp;HAL_IncTick
</UL>
<BR>[Called By]<UL><LI><a href="#[c3]">&gt;&gt;</a>&nbsp;&nbsp;&nbsp;HAL_TIM_IRQHandler
</UL>

<P><STRONG><a name="[c9]"></a>HAL_TIM_TriggerCallback</STRONG> (Thumb, 2 bytes, Stack size 0 bytes, stm32l4xx_hal_tim.o(.text.HAL_TIM_TriggerCallback))
<BR><BR>[Called By]<UL><LI><a href="#[c3]">&gt;&gt;</a>&nbsp;&nbsp;&nbsp;HAL_TIM_IRQHandler
</UL>

<P><STRONG><a name="[fc]"></a>HAL_UARTEx_RxEventCallback</STRONG> (Thumb, 2 bytes, Stack size 0 bytes, stm32l4xx_hal_uart.o(.text.HAL_UARTEx_RxEventCallback))
<BR><BR>[Called By]<UL><LI><a href="#[ef]">&gt;&gt;</a>&nbsp;&nbsp;&nbsp;HAL_UART_IRQHandler
</UL>

<P><STRONG><a name="[f4]"></a>HAL_UARTEx_WakeupCallback</STRONG> (Thumb, 2 bytes, Stack size 0 bytes, stm32l4xx_hal_uart_ex.o(.text.HAL_UARTEx_WakeupCallback))
<BR><BR>[Called By]<UL><LI><a href="#[ef]">&gt;&gt;</a>&nbsp;&nbsp;&nbsp;HAL_UART_IRQHandler
</UL>

<P><STRONG><a name="[f0]"></a>HAL_UART_ErrorCallback</STRONG> (Thumb, 2 bytes, Stack size 0 bytes, stm32l4xx_hal_uart.o(.text.HAL_UART_ErrorCallback))
<BR><BR>[Called By]<UL><LI><a href="#[ef]">&gt;&gt;</a>&nbsp;&nbsp;&nbsp;HAL_UART_IRQHandler
<LI><a href="#[49]">&gt;&gt;</a>&nbsp;&nbsp;&nbsp;UART_DMAAbortOnError
</UL>

<P><STRONG><a name="[ef]"></a>HAL_UART_IRQHandler</STRONG> (Thumb, 616 bytes, Stack size 24 bytes, stm32l4xx_hal_uart.o(.text.HAL_UART_IRQHandler))
<BR><BR>[Stack]<UL><LI>Max Depth = 40<LI>Call Chain = HAL_UART_IRQHandler &rArr; HAL_DMA_Abort_IT
</UL>
<BR>[Calls]<UL><LI><a href="#[f7]">&gt;&gt;</a>&nbsp;&nbsp;&nbsp;HAL_DMA_Abort_IT
<LI><a href="#[fc]">&gt;&gt;</a>&nbsp;&nbsp;&nbsp;HAL_UARTEx_RxEventCallback
<LI><a href="#[f4]">&gt;&gt;</a>&nbsp;&nbsp;&nbsp;HAL_UARTEx_WakeupCallback
<LI><a href="#[f0]">&gt;&gt;</a>&nbsp;&nbsp;&nbsp;HAL_UART_ErrorCallback
<LI><a href="#[f3]">&gt;&gt;</a>&nbsp;&nbsp;&nbsp;HAL_UART_TxCpltCallback
<LI><a href="#[f9]">&gt;&gt;</a>&nbsp;&nbsp;&nbsp;OUTLINED_FUNCTION_22
<LI><a href="#[fa]">&gt;&gt;</a>&nbsp;&nbsp;&nbsp;OUTLINED_FUNCTION_2
<LI><a href="#[f6]">&gt;&gt;</a>&nbsp;&nbsp;&nbsp;OUTLINED_FUNCTION_0
<LI><a href="#[f5]">&gt;&gt;</a>&nbsp;&nbsp;&nbsp;UART_EndRxTransfer
<LI><a href="#[f8]">&gt;&gt;</a>&nbsp;&nbsp;&nbsp;OUTLINED_FUNCTION_1
<LI><a href="#[f2]">&gt;&gt;</a>&nbsp;&nbsp;&nbsp;OUTLINED_FUNCTION_11
<LI><a href="#[f1]">&gt;&gt;</a>&nbsp;&nbsp;&nbsp;OUTLINED_FUNCTION_6
<LI><a href="#[fb]">&gt;&gt;</a>&nbsp;&nbsp;&nbsp;HAL_DMA_Abort
</UL>
<BR>[Called By]<UL><LI><a href="#[2b]">&gt;&gt;</a>&nbsp;&nbsp;&nbsp;USART2_IRQHandler
</UL>

<P><STRONG><a name="[fd]"></a>HAL_UART_Init</STRONG> (Thumb, 56 bytes, Stack size 8 bytes, stm32l4xx_hal_uart.o(.text.HAL_UART_Init))
<BR><BR>[Stack]<UL><LI>Max Depth = 192<LI>Call Chain = HAL_UART_Init &rArr; OUTLINED_FUNCTION_7 &rArr; HAL_UART_MspInit &rArr; HAL_RCCEx_PeriphCLKConfig &rArr; RCCEx_PLLSAI1_Config
</UL>
<BR>[Calls]<UL><LI><a href="#[104]">&gt;&gt;</a>&nbsp;&nbsp;&nbsp;UART_CheckIdleState
<LI><a href="#[103]">&gt;&gt;</a>&nbsp;&nbsp;&nbsp;OUTLINED_FUNCTION_10
<LI><a href="#[102]">&gt;&gt;</a>&nbsp;&nbsp;&nbsp;OUTLINED_FUNCTION_24
<LI><a href="#[101]">&gt;&gt;</a>&nbsp;&nbsp;&nbsp;OUTLINED_FUNCTION_26
<LI><a href="#[100]">&gt;&gt;</a>&nbsp;&nbsp;&nbsp;OUTLINED_FUNCTION_25
<LI><a href="#[ff]">&gt;&gt;</a>&nbsp;&nbsp;&nbsp;OUTLINED_FUNCTION_4
<LI><a href="#[fe]">&gt;&gt;</a>&nbsp;&nbsp;&nbsp;OUTLINED_FUNCTION_7
</UL>
<BR>[Called By]<UL><LI><a href="#[46]">&gt;&gt;</a>&nbsp;&nbsp;&nbsp;main
</UL>

<P><STRONG><a name="[105]"></a>HAL_UART_MspInit</STRONG> (Thumb, 232 bytes, Stack size 128 bytes, stm32l4xx_hal_msp.o(.text.HAL_UART_MspInit))
<BR><BR>[Stack]<UL><LI>Max Depth = 184<LI>Call Chain = HAL_UART_MspInit &rArr; HAL_RCCEx_PeriphCLKConfig &rArr; RCCEx_PLLSAI1_Config
</UL>
<BR>[Calls]<UL><LI><a href="#[96]">&gt;&gt;</a>&nbsp;&nbsp;&nbsp;HAL_RCCEx_PeriphCLKConfig
<LI><a href="#[cc]">&gt;&gt;</a>&nbsp;&nbsp;&nbsp;OUTLINED_FUNCTION_2
<LI><a href="#[b9]">&gt;&gt;</a>&nbsp;&nbsp;&nbsp;OUTLINED_FUNCTION_3
<LI><a href="#[9a]">&gt;&gt;</a>&nbsp;&nbsp;&nbsp;OUTLINED_FUNCTION_1
<LI><a href="#[98]">&gt;&gt;</a>&nbsp;&nbsp;&nbsp;OUTLINED_FUNCTION_0
<LI><a href="#[97]">&gt;&gt;</a>&nbsp;&nbsp;&nbsp;Error_Handler
<LI><a href="#[a4]">&gt;&gt;</a>&nbsp;&nbsp;&nbsp;HAL_NVIC_EnableIRQ
<LI><a href="#[a5]">&gt;&gt;</a>&nbsp;&nbsp;&nbsp;HAL_NVIC_SetPriority
<LI><a href="#[9b]">&gt;&gt;</a>&nbsp;&nbsp;&nbsp;HAL_GPIO_Init
<LI><a href="#[95]">&gt;&gt;</a>&nbsp;&nbsp;&nbsp;__aeabi_memclr4
</UL>
<BR>[Called By]<UL><LI><a href="#[fe]">&gt;&gt;</a>&nbsp;&nbsp;&nbsp;OUTLINED_FUNCTION_7
</UL>

<P><STRONG><a name="[4b]"></a>HAL_UART_Transmit</STRONG> (Thumb, 176 bytes, Stack size 32 bytes, stm32l4xx_hal_uart.o(.text.HAL_UART_Transmit))
<BR><BR>[Stack]<UL><LI>Max Depth = 72<LI>Call Chain = HAL_UART_Transmit &rArr; OUTLINED_FUNCTION_19 &rArr; UART_WaitOnFlagUntilTimeout &rArr; UART_EndRxTransfer &rArr;  UART_EndRxTransfer (Cycle)
</UL>
<BR>[Calls]<UL><LI><a href="#[72]">&gt;&gt;</a>&nbsp;&nbsp;&nbsp;HAL_GetTick
<LI><a href="#[106]">&gt;&gt;</a>&nbsp;&nbsp;&nbsp;OUTLINED_FUNCTION_19
</UL>
<BR>[Called By]<UL><LI><a href="#[46]">&gt;&gt;</a>&nbsp;&nbsp;&nbsp;main
<LI><a href="#[53]">&gt;&gt;</a>&nbsp;&nbsp;&nbsp;Task_HRV
<LI><a href="#[52]">&gt;&gt;</a>&nbsp;&nbsp;&nbsp;Task_FIFO
<LI><a href="#[11b]">&gt;&gt;</a>&nbsp;&nbsp;&nbsp;Music_Stop
<LI><a href="#[11a]">&gt;&gt;</a>&nbsp;&nbsp;&nbsp;Music_Start
<LI><a href="#[177]">&gt;&gt;</a>&nbsp;&nbsp;&nbsp;i2c_scan
<LI><a href="#[125]">&gt;&gt;</a>&nbsp;&nbsp;&nbsp;OUTLINED_FUNCTION_1
<LI><a href="#[107]">&gt;&gt;</a>&nbsp;&nbsp;&nbsp;HRV_Compute
<LI><a href="#[109]">&gt;&gt;</a>&nbsp;&nbsp;&nbsp;OUTLINED_FUNCTION_0
<LI><a href="#[10b]">&gt;&gt;</a>&nbsp;&nbsp;&nbsp;OUTLINED_FUNCTION_1
</UL>
<BR>[Address Reference Count : 3]<UL><LI> main.o(.text.Task_HRV)
<LI> main.o(.text.main)
<LI> main.o(.text.Task_FIFO)
</UL>
<P><STRONG><a name="[f3]"></a>HAL_UART_TxCpltCallback</STRONG> (Thumb, 2 bytes, Stack size 0 bytes, stm32l4xx_hal_uart.o(.text.HAL_UART_TxCpltCallback))
<BR><BR>[Called By]<UL><LI><a href="#[ef]">&gt;&gt;</a>&nbsp;&nbsp;&nbsp;HAL_UART_IRQHandler
</UL>

<P><STRONG><a name="[107]"></a>HRV_Compute</STRONG> (Thumb, 572 bytes, Stack size 160 bytes, hrv.o(.text.HRV_Compute))
<BR><BR>[Stack]<UL><LI>Max Depth = 232<LI>Call Chain = HRV_Compute &rArr; HAL_UART_Transmit &rArr; OUTLINED_FUNCTION_19 &rArr; UART_WaitOnFlagUntilTimeout &rArr; UART_EndRxTransfer &rArr;  UART_EndRxTransfer (Cycle)
</UL>
<BR>[Calls]<UL><LI><a href="#[4b]">&gt;&gt;</a>&nbsp;&nbsp;&nbsp;HAL_UART_Transmit
<LI><a href="#[10c]">&gt;&gt;</a>&nbsp;&nbsp;&nbsp;isqrt
<LI><a href="#[109]">&gt;&gt;</a>&nbsp;&nbsp;&nbsp;OUTLINED_FUNCTION_0
<LI><a href="#[10b]">&gt;&gt;</a>&nbsp;&nbsp;&nbsp;OUTLINED_FUNCTION_1
<LI><a href="#[10a]">&gt;&gt;</a>&nbsp;&nbsp;&nbsp;OUTLINED_FUNCTION_2
<LI><a href="#[4c]">&gt;&gt;</a>&nbsp;&nbsp;&nbsp;__2snprintf
<LI><a href="#[108]">&gt;&gt;</a>&nbsp;&nbsp;&nbsp;__aeabi_memcpy
</UL>
<BR>[Called By]<UL><LI><a href="#[53]">&gt;&gt;</a>&nbsp;&nbsp;&nbsp;Task_HRV
</UL>

<P><STRONG><a name="[10d]"></a>HRV_OnBeat</STRONG> (Thumb, 344 bytes, Stack size 136 bytes, hrv.o(.text.HRV_OnBeat))
<BR><BR>[Stack]<UL><LI>Max Depth = 208<LI>Call Chain = HRV_OnBeat &rArr; OUTLINED_FUNCTION_0 &rArr; HAL_UART_Transmit &rArr; OUTLINED_FUNCTION_19 &rArr; UART_WaitOnFlagUntilTimeout &rArr; UART_EndRxTransfer &rArr;  UART_EndRxTransfer (Cycle)
</UL>
<BR>[Calls]<UL><LI><a href="#[109]">&gt;&gt;</a>&nbsp;&nbsp;&nbsp;OUTLINED_FUNCTION_0
<LI><a href="#[4c]">&gt;&gt;</a>&nbsp;&nbsp;&nbsp;__2snprintf
</UL>
<BR>[Called By]<UL><LI><a href="#[52]">&gt;&gt;</a>&nbsp;&nbsp;&nbsp;Task_FIFO
</UL>

<P><STRONG><a name="[2]"></a>HardFault_Handler</STRONG> (Thumb, 2 bytes, Stack size 0 bytes, stm32l4xx_it.o(.text.HardFault_Handler))
<BR><BR>[Calls]<UL><LI><a href="#[2]">&gt;&gt;</a>&nbsp;&nbsp;&nbsp;HardFault_Handler
</UL>
<BR>[Called By]<UL><LI><a href="#[2]">&gt;&gt;</a>&nbsp;&nbsp;&nbsp;HardFault_Handler
</UL>
<BR>[Address Reference Count : 1]<UL><LI> startup_stm32l432xx.o(RESET)
</UL>
<P><STRONG><a name="[115]"></a>MAX30102_Init</STRONG> (Thumb, 152 bytes, Stack size 24 bytes, max30102.o(.text.MAX30102_Init))
<BR><BR>[Stack]<UL><LI>Max Depth = 144<LI>Call Chain = MAX30102_Init &rArr; reg_write &rArr; HAL_I2C_Mem_Write &rArr; OUTLINED_FUNCTION_18 &rArr; I2C_WaitOnFlagUntilTimeout &rArr; I2C_IsErrorOccurred
</UL>
<BR>[Calls]<UL><LI><a href="#[116]">&gt;&gt;</a>&nbsp;&nbsp;&nbsp;reg_write
<LI><a href="#[117]">&gt;&gt;</a>&nbsp;&nbsp;&nbsp;reg_read
<LI><a href="#[71]">&gt;&gt;</a>&nbsp;&nbsp;&nbsp;HAL_Delay
</UL>
<BR>[Called By]<UL><LI><a href="#[46]">&gt;&gt;</a>&nbsp;&nbsp;&nbsp;main
</UL>

<P><STRONG><a name="[118]"></a>MAX30102_ReadRaw</STRONG> (Thumb, 154 bytes, Stack size 48 bytes, max30102.o(.text.MAX30102_ReadRaw))
<BR><BR>[Stack]<UL><LI>Max Depth = 168<LI>Call Chain = MAX30102_ReadRaw &rArr; reg_read &rArr; HAL_I2C_Mem_Read &rArr; OUTLINED_FUNCTION_18 &rArr; I2C_WaitOnFlagUntilTimeout &rArr; I2C_IsErrorOccurred
</UL>
<BR>[Calls]<UL><LI><a href="#[8b]">&gt;&gt;</a>&nbsp;&nbsp;&nbsp;HAL_I2C_Mem_Read
<LI><a href="#[117]">&gt;&gt;</a>&nbsp;&nbsp;&nbsp;reg_read
</UL>
<BR>[Called By]<UL><LI><a href="#[52]">&gt;&gt;</a>&nbsp;&nbsp;&nbsp;Task_FIFO
</UL>

<P><STRONG><a name="[119]"></a>MAX30102_SamplesAvailable</STRONG> (Thumb, 66 bytes, Stack size 16 bytes, max30102.o(.text.MAX30102_SamplesAvailable))
<BR><BR>[Stack]<UL><LI>Max Depth = 136<LI>Call Chain = MAX30102_SamplesAvailable &rArr; reg_read &rArr; HAL_I2C_Mem_Read &rArr; OUTLINED_FUNCTION_18 &rArr; I2C_WaitOnFlagUntilTimeout &rArr; I2C_IsErrorOccurred
</UL>
<BR>[Calls]<UL><LI><a href="#[117]">&gt;&gt;</a>&nbsp;&nbsp;&nbsp;reg_read
</UL>
<BR>[Called By]<UL><LI><a href="#[52]">&gt;&gt;</a>&nbsp;&nbsp;&nbsp;Task_FIFO
</UL>

<P><STRONG><a name="[3]"></a>MemManage_Handler</STRONG> (Thumb, 2 bytes, Stack size 0 bytes, stm32l4xx_it.o(.text.MemManage_Handler))
<BR><BR>[Calls]<UL><LI><a href="#[3]">&gt;&gt;</a>&nbsp;&nbsp;&nbsp;MemManage_Handler
</UL>
<BR>[Called By]<UL><LI><a href="#[3]">&gt;&gt;</a>&nbsp;&nbsp;&nbsp;MemManage_Handler
</UL>
<BR>[Address Reference Count : 1]<UL><LI> startup_stm32l432xx.o(RESET)
</UL>
<P><STRONG><a name="[11a]"></a>Music_Start</STRONG> (Thumb, 80 bytes, Stack size 104 bytes, main.o(.text.Music_Start))
<BR><BR>[Stack]<UL><LI>Max Depth = 176<LI>Call Chain = Music_Start &rArr; HAL_UART_Transmit &rArr; OUTLINED_FUNCTION_19 &rArr; UART_WaitOnFlagUntilTimeout &rArr; UART_EndRxTransfer &rArr;  UART_EndRxTransfer (Cycle)
</UL>
<BR>[Calls]<UL><LI><a href="#[d7]">&gt;&gt;</a>&nbsp;&nbsp;&nbsp;HAL_TIM_PWM_Start
<LI><a href="#[72]">&gt;&gt;</a>&nbsp;&nbsp;&nbsp;HAL_GetTick
<LI><a href="#[4b]">&gt;&gt;</a>&nbsp;&nbsp;&nbsp;HAL_UART_Transmit
</UL>
<BR>[Called By]<UL><LI><a href="#[54]">&gt;&gt;</a>&nbsp;&nbsp;&nbsp;Task_Display
</UL>

<P><STRONG><a name="[11b]"></a>Music_Stop</STRONG> (Thumb, 52 bytes, Stack size 104 bytes, main.o(.text.Music_Stop))
<BR><BR>[Stack]<UL><LI>Max Depth = 176<LI>Call Chain = Music_Stop &rArr; HAL_UART_Transmit &rArr; OUTLINED_FUNCTION_19 &rArr; UART_WaitOnFlagUntilTimeout &rArr; UART_EndRxTransfer &rArr;  UART_EndRxTransfer (Cycle)
</UL>
<BR>[Calls]<UL><LI><a href="#[e2]">&gt;&gt;</a>&nbsp;&nbsp;&nbsp;HAL_TIM_PWM_Stop
<LI><a href="#[4b]">&gt;&gt;</a>&nbsp;&nbsp;&nbsp;HAL_UART_Transmit
</UL>
<BR>[Called By]<UL><LI><a href="#[54]">&gt;&gt;</a>&nbsp;&nbsp;&nbsp;Task_Display
</UL>

<P><STRONG><a name="[11c]"></a>Music_Update</STRONG> (Thumb, 104 bytes, Stack size 16 bytes, main.o(.text.Music_Update))
<BR><BR>[Stack]<UL><LI>Max Depth = 40<LI>Call Chain = Music_Update &rArr; HAL_TIM_PWM_Stop &rArr; OUTLINED_FUNCTION_10 &rArr; TIM_CCxChannelCmd
</UL>
<BR>[Calls]<UL><LI><a href="#[e2]">&gt;&gt;</a>&nbsp;&nbsp;&nbsp;HAL_TIM_PWM_Stop
<LI><a href="#[d7]">&gt;&gt;</a>&nbsp;&nbsp;&nbsp;HAL_TIM_PWM_Start
</UL>
<BR>[Called By]<UL><LI><a href="#[52]">&gt;&gt;</a>&nbsp;&nbsp;&nbsp;Task_FIFO
</UL>

<P><STRONG><a name="[1]"></a>NMI_Handler</STRONG> (Thumb, 2 bytes, Stack size 0 bytes, stm32l4xx_it.o(.text.NMI_Handler))
[...]
<LI><a href="#[1bb]">&gt;&gt;</a>&nbsp;&nbsp;&nbsp;OUTLINED_FUNCTION_10
<LI><a href="#[12c]">&gt;&gt;</a>&nbsp;&nbsp;&nbsp;OUTLINED_FUNCTION_1
<LI><a href="#[1ab]">&gt;&gt;</a>&nbsp;&nbsp;&nbsp;u8g2_DrawGlyph
</UL>
<BR>[Called By]<UL><LI><a href="#[168]">&gt;&gt;</a>&nbsp;&nbsp;&nbsp;u8g2_DrawStr
</UL>

<P><STRONG><a name="[12c]"></a>OUTLINED_FUNCTION_1</STRONG> (Thumb, 12 bytes, Stack size 0 bytes, u8g2_font.o(.text.OUTLINED_FUNCTION_1))
<BR><BR>[Calls]<UL><LI><a href="#[12d]">&gt;&gt;</a>&nbsp;&nbsp;&nbsp;u8x8_utf8_init
</UL>
<BR>[Called By]<UL><LI><a href="#[1b0]">&gt;&gt;</a>&nbsp;&nbsp;&nbsp;u8g2_draw_string
</UL>

<P><STRONG><a name="[1bb]"></a>OUTLINED_FUNCTION_10</STRONG> (Thumb, 14 bytes, Stack size 0 bytes, u8g2_font.o(.text.OUTLINED_FUNCTION_10))
<BR><BR>[Called By]<UL><LI><a href="#[1b0]">&gt;&gt;</a>&nbsp;&nbsp;&nbsp;u8g2_draw_string
</UL>

<P><STRONG><a name="[1bc]"></a>OUTLINED_FUNCTION_9</STRONG> (Thumb, 6 bytes, Stack size 0 bytes, u8g2_font.o(.text.OUTLINED_FUNCTION_9))
<BR><BR>[Called By]<UL><LI><a href="#[1b0]">&gt;&gt;</a>&nbsp;&nbsp;&nbsp;u8g2_draw_string
</UL>

<P><STRONG><a name="[1bd]"></a>OUTLINED_FUNCTION_2</STRONG> (Thumb, 8 bytes, Stack size 0 bytes, u8g2_font.o(.text.OUTLINED_FUNCTION_2))
<BR><BR>[Called By]<UL><LI><a href="#[1b0]">&gt;&gt;</a>&nbsp;&nbsp;&nbsp;u8g2_draw_string
</UL>

<P><STRONG><a name="[56]"></a>prvTaskExitError</STRONG> (Thumb, 44 bytes, Stack size 4 bytes, port.o(.text.prvTaskExitError))
<BR><BR>[Stack]<UL><LI>Max Depth = 4<LI>Call Chain = prvTaskExitError
</UL>
<BR>[Called By]<UL><LI><a href="#[1db]">&gt;&gt;</a>&nbsp;&nbsp;&nbsp;xPortStartScheduler
</UL>
<BR>[Address Reference Count : 1]<UL><LI> port.o(.text.pxPortInitialiseStack)
</UL>
<P><STRONG><a name="[1dd]"></a>vPortEnableVFP</STRONG> (Thumb, 14 bytes, Stack size 0 bytes, port.o(.text.vPortEnableVFP))
<BR><BR>[Called By]<UL><LI><a href="#[1db]">&gt;&gt;</a>&nbsp;&nbsp;&nbsp;xPortStartScheduler
</UL>

<P><STRONG><a name="[1de]"></a>prvPortStartFirstTask</STRONG> (Thumb, 34 bytes, Stack size 0 bytes, port.o(.text.prvPortStartFirstTask))
<BR><BR>[Called By]<UL><LI><a href="#[1db]">&gt;&gt;</a>&nbsp;&nbsp;&nbsp;xPortStartScheduler
</UL>

<P><STRONG><a name="[140]"></a>OUTLINED_FUNCTION_2</STRONG> (Thumb, 6 bytes, Stack size 0 bytes, queue.o(.text.OUTLINED_FUNCTION_2))
<BR><BR>[Calls]<UL><LI><a href="#[141]">&gt;&gt;</a>&nbsp;&nbsp;&nbsp;vPortEnterCritical
</UL>
<BR>[Called By]<UL><LI><a href="#[1a1]">&gt;&gt;</a>&nbsp;&nbsp;&nbsp;vQueueWaitForMessageRestricted
<LI><a href="#[196]">&gt;&gt;</a>&nbsp;&nbsp;&nbsp;xQueueGenericReset
<LI><a href="#[149]">&gt;&gt;</a>&nbsp;&nbsp;&nbsp;prvIsQueueEmpty
<LI><a href="#[122]">&gt;&gt;</a>&nbsp;&nbsp;&nbsp;prvUnlockQueue
</UL>

<P><STRONG><a name="[195]"></a>prvInitialiseNewQueue</STRONG> (Thumb, 32 bytes, Stack size 16 bytes, queue.o(.text.prvInitialiseNewQueue))
<BR><BR>[Stack]<UL><LI>Max Depth = 56<LI>Call Chain = prvInitialiseNewQueue &rArr; xQueueGenericReset &rArr; xTaskRemoveFromEventList &rArr; vListInsertEnd
</UL>
<BR>[Calls]<UL><LI><a href="#[196]">&gt;&gt;</a>&nbsp;&nbsp;&nbsp;xQueueGenericReset
</UL>
<BR>[Called By]<UL><LI><a href="#[18e]">&gt;&gt;</a>&nbsp;&nbsp;&nbsp;xQueueGenericCreateStatic
</UL>

<P><STRONG><a name="[1d6]"></a>OUTLINED_FUNCTION_7</STRONG> (Thumb, 8 bytes, Stack size 0 bytes, queue.o(.text.OUTLINED_FUNCTION_7))
<BR><BR>[Called By]<UL><LI><a href="#[1a1]">&gt;&gt;</a>&nbsp;&nbsp;&nbsp;vQueueWaitForMessageRestricted
<LI><a href="#[1a2]">&gt;&gt;</a>&nbsp;&nbsp;&nbsp;xQueueReceive
<LI><a href="#[1e0]">&gt;&gt;</a>&nbsp;&nbsp;&nbsp;xQueueGenericSend
</UL>

<P><STRONG><a name="[1d7]"></a>OUTLINED_FUNCTION_6</STRONG> (Thumb, 8 bytes, Stack size 0 bytes, queue.o(.text.OUTLINED_FUNCTION_6))
<BR><BR>[Called By]<UL><LI><a href="#[1a1]">&gt;&gt;</a>&nbsp;&nbsp;&nbsp;vQueueWaitForMessageRestricted
<LI><a href="#[1a2]">&gt;&gt;</a>&nbsp;&nbsp;&nbsp;xQueueReceive
<LI><a href="#[1e0]">&gt;&gt;</a>&nbsp;&nbsp;&nbsp;xQueueGenericSend
</UL>

<P><STRONG><a name="[12e]"></a>OUTLINED_FUNCTION_1</STRONG> (Thumb, 8 bytes, Stack size 0 bytes, queue.o(.text.OUTLINED_FUNCTION_1))
<BR><BR>[Stack]<UL><LI>Max Depth = 48<LI>Call Chain = OUTLINED_FUNCTION_1 &rArr; vTaskPlaceOnEventList &rArr; prvAddCurrentTaskToDelayedList &rArr; vListInsert
</UL>
<BR>[Calls]<UL><LI><a href="#[12f]">&gt;&gt;</a>&nbsp;&nbsp;&nbsp;vTaskPlaceOnEventList
</UL>
<BR>[Called By]<UL><LI><a href="#[1a2]">&gt;&gt;</a>&nbsp;&nbsp;&nbsp;xQueueReceive
<LI><a href="#[1e0]">&gt;&gt;</a>&nbsp;&nbsp;&nbsp;xQueueGenericSend
</UL>

<P><STRONG><a name="[121]"></a>OUTLINED_FUNCTION_0</STRONG> (Thumb, 6 bytes, Stack size 0 bytes, queue.o(.text.OUTLINED_FUNCTION_0))
<BR><BR>[Stack]<UL><LI>Max Depth = 40<LI>Call Chain = OUTLINED_FUNCTION_0 &rArr; prvUnlockQueue &rArr; OUTLINED_FUNCTION_5 &rArr; xTaskRemoveFromEventList &rArr; vListInsertEnd
</UL>
<BR>[Calls]<UL><LI><a href="#[122]">&gt;&gt;</a>&nbsp;&nbsp;&nbsp;prvUnlockQueue
</UL>
<BR>[Called By]<UL><LI><a href="#[1a2]">&gt;&gt;</a>&nbsp;&nbsp;&nbsp;xQueueReceive
<LI><a href="#[1e0]">&gt;&gt;</a>&nbsp;&nbsp;&nbsp;xQueueGenericSend
</UL>

<P><STRONG><a name="[191]"></a>prvCopyDataToQueue</STRONG> (Thumb, 112 bytes, Stack size 16 bytes, queue.o(.text.prvCopyDataToQueue))
<BR><BR>[Stack]<UL><LI>Max Depth = 40<LI>Call Chain = prvCopyDataToQueue &rArr; xTaskPriorityDisinherit &rArr; OUTLINED_FUNCTION_1 &rArr; vListInsertEnd
</UL>
<BR>[Calls]<UL><LI><a href="#[108]">&gt;&gt;</a>&nbsp;&nbsp;&nbsp;__aeabi_memcpy
<LI><a href="#[192]">&gt;&gt;</a>&nbsp;&nbsp;&nbsp;xTaskPriorityDisinherit
</UL>
<BR>[Called By]<UL><LI><a href="#[1e3]">&gt;&gt;</a>&nbsp;&nbsp;&nbsp;xQueueGenericSendFromISR
<LI><a href="#[1e0]">&gt;&gt;</a>&nbsp;&nbsp;&nbsp;xQueueGenericSend
</UL>

<P><STRONG><a name="[148]"></a>OUTLINED_FUNCTION_3</STRONG> (Thumb, 6 bytes, Stack size 0 bytes, queue.o(.text.OUTLINED_FUNCTION_3))
<BR><BR>[Stack]<UL><LI>Max Depth = 8<LI>Call Chain = OUTLINED_FUNCTION_3 &rArr; prvIsQueueEmpty
</UL>
<BR>[Calls]<UL><LI><a href="#[149]">&gt;&gt;</a>&nbsp;&nbsp;&nbsp;prvIsQueueEmpty
</UL>
<BR>[Called By]<UL><LI><a href="#[1a2]">&gt;&gt;</a>&nbsp;&nbsp;&nbsp;xQueueReceive
</UL>

<P><STRONG><a name="[122]"></a>prvUnlockQueue</STRONG> (Thumb, 98 bytes, Stack size 16 bytes, queue.o(.text.prvUnlockQueue))
<BR><BR>[Stack]<UL><LI>Max Depth = 40<LI>Call Chain = prvUnlockQueue &rArr; OUTLINED_FUNCTION_5 &rArr; xTaskRemoveFromEventList &rArr; vListInsertEnd
</UL>
<BR>[Calls]<UL><LI><a href="#[1a3]">&gt;&gt;</a>&nbsp;&nbsp;&nbsp;vTaskMissedYield
<LI><a href="#[153]">&gt;&gt;</a>&nbsp;&nbsp;&nbsp;OUTLINED_FUNCTION_5
<LI><a href="#[140]">&gt;&gt;</a>&nbsp;&nbsp;&nbsp;OUTLINED_FUNCTION_2
<LI><a href="#[18b]">&gt;&gt;</a>&nbsp;&nbsp;&nbsp;vPortExitCritical
<LI><a href="#[141]">&gt;&gt;</a>&nbsp;&nbsp;&nbsp;vPortEnterCritical
</UL>
<BR>[Called By]<UL><LI><a href="#[1a1]">&gt;&gt;</a>&nbsp;&nbsp;&nbsp;vQueueWaitForMessageRestricted
<LI><a href="#[121]">&gt;&gt;</a>&nbsp;&nbsp;&nbsp;OUTLINED_FUNCTION_0
</UL>

<P><STRONG><a name="[153]"></a>OUTLINED_FUNCTION_5</STRONG> (Thumb, 6 bytes, Stack size 0 bytes, queue.o(.text.OUTLINED_FUNCTION_5))
<BR><BR>[Stack]<UL><LI>Max Depth = 24<LI>Call Chain = OUTLINED_FUNCTION_5 &rArr; xTaskRemoveFromEventList &rArr; vListInsertEnd
</UL>
<BR>[Calls]<UL><LI><a href="#[154]">&gt;&gt;</a>&nbsp;&nbsp;&nbsp;xTaskRemoveFromEventList
</UL>
<BR>[Called By]<UL><LI><a href="#[1e3]">&gt;&gt;</a>&nbsp;&nbsp;&nbsp;xQueueGenericSendFromISR
<LI><a href="#[122]">&gt;&gt;</a>&nbsp;&nbsp;&nbsp;prvUnlockQueue
</UL>

<P><STRONG><a name="[1e5]"></a>OUTLINED_FUNCTION_4</STRONG> (Thumb, 16 bytes, Stack size 0 bytes, queue.o(.text.OUTLINED_FUNCTION_4))
<BR><BR>[Called By]<UL><LI><a href="#[1a2]">&gt;&gt;</a>&nbsp;&nbsp;&nbsp;xQueueReceive
</UL>

<P><STRONG><a name="[190]"></a>prvCopyDataFromQueue</STRONG> (Thumb, 36 bytes, Stack size 8 bytes, queue.o(.text.prvCopyDataFromQueue))
<BR><BR>[Stack]<UL><LI>Max Depth = 8<LI>Call Chain = prvCopyDataFromQueue
</UL>
<BR>[Calls]<UL><LI><a href="#[108]">&gt;&gt;</a>&nbsp;&nbsp;&nbsp;__aeabi_memcpy
</UL>
<BR>[Called By]<UL><LI><a href="#[1a2]">&gt;&gt;</a>&nbsp;&nbsp;&nbsp;xQueueReceive
</UL>

<P><STRONG><a name="[149]"></a>prvIsQueueEmpty</STRONG> (Thumb, 22 bytes, Stack size 8 bytes, queue.o(.text.prvIsQueueEmpty))
<BR><BR>[Stack]<UL><LI>Max Depth = 8<LI>Call Chain = prvIsQueueEmpty
</UL>
<BR>[Calls]<UL><LI><a href="#[140]">&gt;&gt;</a>&nbsp;&nbsp;&nbsp;OUTLINED_FUNCTION_2
<LI><a href="#[18b]">&gt;&gt;</a>&nbsp;&nbsp;&nbsp;vPortExitCritical
</UL>
<BR>[Called By]<UL><LI><a href="#[148]">&gt;&gt;</a>&nbsp;&nbsp;&nbsp;OUTLINED_FUNCTION_3
</UL>

<P><STRONG><a name="[197]"></a>prvInitialiseNewTask</STRONG> (Thumb, 142 bytes, Stack size 32 bytes, tasks.o(.text.prvInitialiseNewTask))
<BR><BR>[Stack]<UL><LI>Max Depth = 48<LI>Call Chain = prvInitialiseNewTask &rArr; pxPortInitialiseStack
</UL>
<BR>[Calls]<UL><LI><a href="#[198]">&gt;&gt;</a>&nbsp;&nbsp;&nbsp;__aeabi_memset4
<LI><a href="#[199]">&gt;&gt;</a>&nbsp;&nbsp;&nbsp;vListInitialiseItem
<LI><a href="#[19a]">&gt;&gt;</a>&nbsp;&nbsp;&nbsp;pxPortInitialiseStack
</UL>
<BR>[Called By]<UL><LI><a href="#[186]">&gt;&gt;</a>&nbsp;&nbsp;&nbsp;xTaskCreate
<LI><a href="#[185]">&gt;&gt;</a>&nbsp;&nbsp;&nbsp;xTaskCreateStatic
</UL>

<P><STRONG><a name="[189]"></a>prvAddNewTaskToReadyList</STRONG> (Thumb, 176 bytes, Stack size 24 bytes, tasks.o(.text.prvAddNewTaskToReadyList))
<BR><BR>[Stack]<UL><LI>Max Depth = 32<LI>Call Chain = prvAddNewTaskToReadyList &rArr; vListInsertEnd
</UL>
<BR>[Calls]<UL><LI><a href="#[18c]">&gt;&gt;</a>&nbsp;&nbsp;&nbsp;OUTLINED_FUNCTION_5
<LI><a href="#[18a]">&gt;&gt;</a>&nbsp;&nbsp;&nbsp;OUTLINED_FUNCTION_2
<LI><a href="#[14e]">&gt;&gt;</a>&nbsp;&nbsp;&nbsp;OUTLINED_FUNCTION_4
<LI><a href="#[131]">&gt;&gt;</a>&nbsp;&nbsp;&nbsp;vListInsertEnd
<LI><a href="#[55]">&gt;&gt;</a>&nbsp;&nbsp;&nbsp;vListInitialise
<LI><a href="#[18b]">&gt;&gt;</a>&nbsp;&nbsp;&nbsp;vPortExitCritical
</UL>
<BR>[Called By]<UL><LI><a href="#[186]">&gt;&gt;</a>&nbsp;&nbsp;&nbsp;xTaskCreate
<LI><a href="#[185]">&gt;&gt;</a>&nbsp;&nbsp;&nbsp;xTaskCreateStatic
</UL>

<P><STRONG><a name="[14e]"></a>OUTLINED_FUNCTION_4</STRONG> (Thumb, 6 bytes, Stack size 0 bytes, tasks.o(.text.OUTLINED_FUNCTION_4))
<BR><BR>[Calls]<UL><LI><a href="#[141]">&gt;&gt;</a>&nbsp;&nbsp;&nbsp;vPortEnterCritical
</UL>
<BR>[Called By]<UL><LI><a href="#[189]">&gt;&gt;</a>&nbsp;&nbsp;&nbsp;prvAddNewTaskToReadyList
<LI><a href="#[1e2]">&gt;&gt;</a>&nbsp;&nbsp;&nbsp;xTaskCheckForTimeOut
</UL>

<P><STRONG><a name="[18a]"></a>OUTLINED_FUNCTION_2</STRONG> (Thumb, 10 bytes, Stack size 0 bytes, tasks.o(.text.OUTLINED_FUNCTION_2))
<BR><BR>[Called By]<UL><LI><a href="#[189]">&gt;&gt;</a>&nbsp;&nbsp;&nbsp;prvAddNewTaskToReadyList
<LI><a href="#[154]">&gt;&gt;</a>&nbsp;&nbsp;&nbsp;xTaskRemoveFromEventList
</UL>

<P><STRONG><a name="[18c]"></a>OUTLINED_FUNCTION_5</STRONG> (Thumb, 8 bytes, Stack size 0 bytes, tasks.o(.text.OUTLINED_FUNCTION_5))
<BR><BR>[Called By]<UL><LI><a href="#[183]">&gt;&gt;</a>&nbsp;&nbsp;&nbsp;vTaskDelay
<LI><a href="#[189]">&gt;&gt;</a>&nbsp;&nbsp;&nbsp;prvAddNewTaskToReadyList
</UL>

<P><STRONG><a name="[123]"></a>OUTLINED_FUNCTION_0</STRONG> (Thumb, 8 bytes, Stack size 0 bytes, tasks.o(.text.OUTLINED_FUNCTION_0))
<BR><BR>[Calls]<UL><LI><a href="#[124]">&gt;&gt;</a>&nbsp;&nbsp;&nbsp;uxListRemove
</UL>
<BR>[Called By]<UL><LI><a href="#[192]">&gt;&gt;</a>&nbsp;&nbsp;&nbsp;xTaskPriorityDisinherit
</UL>

<P><STRONG><a name="[193]"></a>prvDeleteTCB</STRONG> (Thumb, 54 bytes, Stack size 8 bytes, tasks.o(.text.prvDeleteTCB))
<BR><BR>[Stack]<UL><LI>Max Depth = 88<LI>Call Chain = prvDeleteTCB &rArr; vPortFree &rArr; xTaskResumeAll &rArr; xTaskIncrementTick &rArr; vListInsertEnd
</UL>
<BR>[Calls]<UL><LI><a href="#[194]">&gt;&gt;</a>&nbsp;&nbsp;&nbsp;vPortFree
</UL>
<BR>[Called By]<UL><LI><a href="#[60]">&gt;&gt;</a>&nbsp;&nbsp;&nbsp;prvIdleTask
</UL>

<P><STRONG><a name="[1e6]"></a>prvResetNextTaskUnblockTime</STRONG> (Thumb, 28 bytes, Stack size 0 bytes, tasks.o(.text.prvResetNextTaskUnblockTime))
<BR><BR>[Called By]<UL><LI><a href="#[1a0]">&gt;&gt;</a>&nbsp;&nbsp;&nbsp;xTaskResumeAll
<LI><a href="#[1df]">&gt;&gt;</a>&nbsp;&nbsp;&nbsp;xTaskIncrementTick
</UL>

<P><STRONG><a name="[187]"></a>prvAddCurrentTaskToDelayedList</STRONG> (Thumb, 84 bytes, Stack size 24 bytes, tasks.o(.text.prvAddCurrentTaskToDelayedList))
<BR><BR>[Stack]<UL><LI>Max Depth = 40<LI>Call Chain = prvAddCurrentTaskToDelayedList &rArr; vListInsert
</UL>
<BR>[Calls]<UL><LI><a href="#[124]">&gt;&gt;</a>&nbsp;&nbsp;&nbsp;uxListRemove
<LI><a href="#[188]">&gt;&gt;</a>&nbsp;&nbsp;&nbsp;vListInsert
<LI><a href="#[131]">&gt;&gt;</a>&nbsp;&nbsp;&nbsp;vListInsertEnd
</UL>
<BR>[Called By]<UL><LI><a href="#[183]">&gt;&gt;</a>&nbsp;&nbsp;&nbsp;vTaskDelay
<LI><a href="#[12f]">&gt;&gt;</a>&nbsp;&nbsp;&nbsp;vTaskPlaceOnEventList
<LI><a href="#[1d8]">&gt;&gt;</a>&nbsp;&nbsp;&nbsp;vTaskPlaceOnEventListRestricted
</UL>

<P><STRONG><a name="[15a]"></a>OUTLINED_FUNCTION_9</STRONG> (Thumb, 6 bytes, Stack size 0 bytes, tasks.o(.text.OUTLINED_FUNCTION_9))
<BR><BR>[Calls]<UL><LI><a href="#[124]">&gt;&gt;</a>&nbsp;&nbsp;&nbsp;uxListRemove
</UL>
<BR>[Called By]<UL><LI><a href="#[154]">&gt;&gt;</a>&nbsp;&nbsp;&nbsp;xTaskRemoveFromEventList
<LI><a href="#[1a0]">&gt;&gt;</a>&nbsp;&nbsp;&nbsp;xTaskResumeAll
</UL>

<P><STRONG><a name="[130]"></a>OUTLINED_FUNCTION_1</STRONG> (Thumb, 14 bytes, Stack size 0 bytes, tasks.o(.text.OUTLINED_FUNCTION_1))
<BR><BR>[Stack]<UL><LI>Max Depth = 8<LI>Call Chain = OUTLINED_FUNCTION_1 &rArr; vListInsertEnd
</UL>
<BR>[Calls]<UL><LI><a href="#[131]">&gt;&gt;</a>&nbsp;&nbsp;&nbsp;vListInsertEnd
</UL>
<BR>[Called By]<UL><LI><a href="#[192]">&gt;&gt;</a>&nbsp;&nbsp;&nbsp;xTaskPriorityDisinherit
</UL>

<P><STRONG><a name="[1e7]"></a>OUTLINED_FUNCTION_6</STRONG> (Thumb, 8 bytes, Stack size 0 bytes, tasks.o(.text.OUTLINED_FUNCTION_6))
<BR><BR>[Called By]<UL><LI><a href="#[154]">&gt;&gt;</a>&nbsp;&nbsp;&nbsp;xTaskRemoveFromEventList
<LI><a href="#[1df]">&gt;&gt;</a>&nbsp;&nbsp;&nbsp;xTaskIncrementTick
</UL>

<P><STRONG><a name="[60]"></a>prvIdleTask</STRONG> (Thumb, 72 bytes, Stack size 0 bytes, tasks.o(.text.prvIdleTask))
<BR><BR>[Stack]<UL><LI>Max Depth = 88<LI>Call Chain = prvIdleTask &rArr; prvDeleteTCB &rArr; vPortFree &rArr; xTaskResumeAll &rArr; xTaskIncrementTick &rArr; vListInsertEnd
</UL>
<BR>[Calls]<UL><LI><a href="#[193]">&gt;&gt;</a>&nbsp;&nbsp;&nbsp;prvDeleteTCB
<LI><a href="#[124]">&gt;&gt;</a>&nbsp;&nbsp;&nbsp;uxListRemove
<LI><a href="#[18b]">&gt;&gt;</a>&nbsp;&nbsp;&nbsp;vPortExitCritical
<LI><a href="#[141]">&gt;&gt;</a>&nbsp;&nbsp;&nbsp;vPortEnterCritical
</UL>
<BR>[Address Reference Count : 1]<UL><LI> tasks.o(.text.vTaskStartScheduler)
</UL>
<P><STRONG><a name="[18d]"></a>prvCheckForValidListAndQueue</STRONG> (Thumb, 72 bytes, Stack size 24 bytes, timers.o(.text.prvCheckForValidListAndQueue))
<BR><BR>[Stack]<UL><LI>Max Depth = 104<LI>Call Chain = prvCheckForValidListAndQueue &rArr; xQueueGenericCreateStatic &rArr; prvInitialiseNewQueue &rArr; xQueueGenericReset &rArr; xTaskRemoveFromEventList &rArr; vListInsertEnd
</UL>
<BR>[Calls]<UL><LI><a href="#[18f]">&gt;&gt;</a>&nbsp;&nbsp;&nbsp;vQueueAddToRegistry
<LI><a href="#[18e]">&gt;&gt;</a>&nbsp;&nbsp;&nbsp;xQueueGenericCreateStatic
<LI><a href="#[55]">&gt;&gt;</a>&nbsp;&nbsp;&nbsp;vListInitialise
<LI><a href="#[18b]">&gt;&gt;</a>&nbsp;&nbsp;&nbsp;vPortExitCritical
<LI><a href="#[141]">&gt;&gt;</a>&nbsp;&nbsp;&nbsp;vPortEnterCritical
</UL>
<BR>[Called By]<UL><LI><a href="#[1da]">&gt;&gt;</a>&nbsp;&nbsp;&nbsp;xTimerCreateTimerTask
</UL>

<P><STRONG><a name="[61]"></a>prvTimerTask</STRONG> (Thumb, 464 bytes, Stack size 24 bytes, timers.o(.text.prvTimerTask))
<BR><BR>[Stack]<UL><LI>Max Depth = 208<LI>Call Chain = prvTimerTask &rArr; prvSampleTimeNow &rArr; xTimerGenericCommand &rArr; xQueueGenericSend &rArr; xTaskResumeAll &rArr; xTaskIncrementTick &rArr; vListInsertEnd
</UL>
<BR>[Calls]<UL><LI><a href="#[19e]">&gt;&gt;</a>&nbsp;&nbsp;&nbsp;xTimerGenericCommand
<LI><a href="#[19b]">&gt;&gt;</a>&nbsp;&nbsp;&nbsp;prvInsertTimerInActiveList
<LI><a href="#[19c]">&gt;&gt;</a>&nbsp;&nbsp;&nbsp;prvSampleTimeNow
<LI><a href="#[1a1]">&gt;&gt;</a>&nbsp;&nbsp;&nbsp;vQueueWaitForMessageRestricted
<LI><a href="#[1a2]">&gt;&gt;</a>&nbsp;&nbsp;&nbsp;xQueueReceive
<LI><a href="#[124]">&gt;&gt;</a>&nbsp;&nbsp;&nbsp;uxListRemove
<LI><a href="#[194]">&gt;&gt;</a>&nbsp;&nbsp;&nbsp;vPortFree
<LI><a href="#[1a0]">&gt;&gt;</a>&nbsp;&nbsp;&nbsp;xTaskResumeAll
<LI><a href="#[19f]">&gt;&gt;</a>&nbsp;&nbsp;&nbsp;vTaskSuspendAll
</UL>
<BR>[Address Reference Count : 1]<UL><LI> timers.o(.text.xTimerCreateTimerTask)
</UL>
<P><STRONG><a name="[19c]"></a>prvSampleTimeNow</STRONG> (Thumb, 144 bytes, Stack size 40 bytes, timers.o(.text.prvSampleTimeNow))
<BR><BR>[Stack]<UL><LI>Max Depth = 184<LI>Call Chain = prvSampleTimeNow &rArr; xTimerGenericCommand &rArr; xQueueGenericSend &rArr; xTaskResumeAll &rArr; xTaskIncrementTick &rArr; vListInsertEnd
</UL>
<BR>[Calls]<UL><LI><a href="#[19e]">&gt;&gt;</a>&nbsp;&nbsp;&nbsp;xTimerGenericCommand
<LI><a href="#[19d]">&gt;&gt;</a>&nbsp;&nbsp;&nbsp;xTaskGetTickCount
<LI><a href="#[124]">&gt;&gt;</a>&nbsp;&nbsp;&nbsp;uxListRemove
<LI><a href="#[188]">&gt;&gt;</a>&nbsp;&nbsp;&nbsp;vListInsert
</UL>
<BR>[Called By]<UL><LI><a href="#[61]">&gt;&gt;</a>&nbsp;&nbsp;&nbsp;prvTimerTask
</UL>

<P><STRONG><a name="[19b]"></a>prvInsertTimerInActiveList</STRONG> (Thumb, 56 bytes, Stack size 8 bytes, timers.o(.text.prvInsertTimerInActiveList))
<BR><BR>[Stack]<UL><LI>Max Depth = 24<LI>Call Chain = prvInsertTimerInActiveList &rArr; vListInsert
</UL>
<BR>[Calls]<UL><LI><a href="#[188]">&gt;&gt;</a>&nbsp;&nbsp;&nbsp;vListInsert
</UL>
<BR>[Called By]<UL><LI><a href="#[61]">&gt;&gt;</a>&nbsp;&nbsp;&nbsp;prvTimerTask
</UL>

<P><STRONG><a name="[182]"></a>OUTLINED_FUNCTION_1</STRONG> (Thumb, 6 bytes, Stack size 0 bytes, cmsis_os2.o(.text.OUTLINED_FUNCTION_1))
<BR><BR>[Called By]<UL><LI><a href="#[180]">&gt;&gt;</a>&nbsp;&nbsp;&nbsp;osKernelInitialize
<LI><a href="#[15d]">&gt;&gt;</a>&nbsp;&nbsp;&nbsp;osDelay
</UL>

<P><STRONG><a name="[1a5]"></a>prvInsertBlockIntoFreeList</STRONG> (Thumb, 68 bytes, Stack size 16 bytes, heap_4.o(.text.prvInsertBlockIntoFreeList))
<BR><BR>[Stack]<UL><LI>Max Depth = 16<LI>Call Chain = prvInsertBlockIntoFreeList
</UL>
<BR>[Called By]<UL><LI><a href="#[194]">&gt;&gt;</a>&nbsp;&nbsp;&nbsp;vPortFree
<LI><a href="#[1a4]">&gt;&gt;</a>&nbsp;&nbsp;&nbsp;pvPortMalloc
</UL>

<P><STRONG><a name="[1ea]"></a>_printf_core</STRONG> (Thumb, 996 bytes, Stack size 104 bytes, printf8.o(i._printf_core), UNUSED)
<BR><BR>[Calls]<UL><LI><a href="#[1eb]">&gt;&gt;</a>&nbsp;&nbsp;&nbsp;_printf_pre_padding
<LI><a href="#[1ec]">&gt;&gt;</a>&nbsp;&nbsp;&nbsp;_printf_post_padding
<LI><a href="#[68]">&gt;&gt;</a>&nbsp;&nbsp;&nbsp;__aeabi_uldivmod
</UL>
<BR>[Called By]<UL><LI><a href="#[1e9]">&gt;&gt;</a>&nbsp;&nbsp;&nbsp;__0snprintf$8
</UL>

<P><STRONG><a name="[1ec]"></a>_printf_post_padding</STRONG> (Thumb, 36 bytes, Stack size 24 bytes, printf8.o(i._printf_post_padding), UNUSED)
<BR><BR>[Called By]<UL><LI><a href="#[1ea]">&gt;&gt;</a>&nbsp;&nbsp;&nbsp;_printf_core
</UL>

<P><STRONG><a name="[1eb]"></a>_printf_pre_padding</STRONG> (Thumb, 46 bytes, Stack size 24 bytes, printf8.o(i._printf_pre_padding), UNUSED)
<BR><BR>[Called By]<UL><LI><a href="#[1ea]">&gt;&gt;</a>&nbsp;&nbsp;&nbsp;_printf_core
</UL>

<P><STRONG><a name="[62]"></a>_snputc</STRONG> (Thumb, 22 bytes, Stack size 0 bytes, printf8.o(i._snputc))
<BR>[Address Reference Count : 1]<UL><LI> printf8.o(i.__0snprintf$8)
</UL><P>
<H3>
Undefined Global Symbols
</H3><HR></body></html>
